<html>
<body>
<pre>
<h1>礦ision Build Log</h1>
<h2>Tool Versions:</h2>
IDE-Version: μVision V5.21.1.0
Copyright (C) 2016 ARM Ltd and ARM Germany GmbH. All rights reserved.
License Information: a Administrator, a, LIC=BUURY-IB3SM-2Z1W4-FYH6Q-Q06QJ-LRN6H
 
Tool Versions:
Toolchain:       MDK-ARM Plus  Version: 5.21a
Toolchain Path:  C:\Keil_v5\ARM\ARMCC\Bin
C Compiler:      Armcc.exe V5.06 update 3 (build 300)
Assembler:       Armasm.exe V5.06 update 3 (build 300)
Linker/Locator:  ArmLink.exe V5.06 update 3 (build 300)
Library Manager: ArmAr.exe V5.06 update 3 (build 300)
Hex Converter:   FromElf.exe V5.06 update 3 (build 300)
CPU DLL:         SARMCM3.DLL V5.21a
Dialog DLL:      DCM.DLL V1.13.8.0
Target DLL:      STLink\ST-LINKIII-KEIL_SWO.dll V2.0.18.0
Dialog DLL:      TCM.DLL V1.14.14.0
 
<h2>Project:</h2>
C:\Users\Administrator\Documents\GitHub\IMU\分支\2025\0106_①_IMU代码整理\STM32Core_SDK_Normal\MDK\Project.uvprojx
Project File Date:  01/09/2025

<h2>Output:</h2>
*** Using Compiler 'V5.06 update 3 (build 300)', folder: 'C:\Keil_v5\ARM\ARMCC\Bin'
Build target 'Project'
compiling Main.c...
..\Source\APP\Main.c(68): warning:  #40-D: expected an identifier
  #ifndef 20250106
..\Source\APP\Main.c(46): warning:  #550-D: variable "fAcc" was set but never used
  	float fAcc[3], fGyro[3], fAngle[3];
..\Source\APP\Main.c(46): warning:  #550-D: variable "fGyro" was set but never used
  	float fAcc[3], fGyro[3], fAngle[3];
..\Source\APP\Main.c: 3 warnings, 0 errors
linking...
Program Size: Code=10864 RO-data=1404 RW-data=96 ZI-data=1624  
FromELF: creating hex file...
".\Obj\Project.axf" - 0 Error(s), 3 Warning(s).

<h2>Software Packages used:</h2>

Package Vendor: ARM
                http://www.keil.com/pack/ARM.CMSIS.4.5.0.pack
                ARM::CMSIS:CORE:4.3.0
                CMSIS (Cortex Microcontroller Software Interface Standard)
   * Component: CORE Version: 4.3.0

<h2>Collection of Component include folders:</h2>
  C:\Users\Administrator\Documents\GitHub\IMU\分支\2025\0106_①_IMU代码整理\STM32Core_SDK_Normal\MDK\RTE
  C:\Keil_v5\ARM\PACK\ARM\CMSIS\4.5.0\CMSIS\Include
  C:\Keil_v5\ARM\PACK\Keil\STM32F1xx_DFP\2.2.0\Device\Include

<h2>Collection of Component Files used:</h2>

   * Component: ARM::CMSIS:CORE:4.3.0
Build Time Elapsed:  00:00:00
</pre>
</body>
</html>
