Component: ARM Compiler 5.06 update 3 (build 300) Tool: armlink [4d35c9]

==============================================================================

Section Cross References

    startup_stm32l151xc.o(STACK) refers (Special) to heapauxi.o(.text) for __use_two_region_memory
    startup_stm32l151xc.o(HEAP) refers (Special) to heapauxi.o(.text) for __use_two_region_memory
    startup_stm32l151xc.o(RESET) refers (Special) to heapauxi.o(.text) for __use_two_region_memory
    startup_stm32l151xc.o(RESET) refers to startup_stm32l151xc.o(STACK) for __initial_sp
    startup_stm32l151xc.o(RESET) refers to startup_stm32l151xc.o(.text) for Reset_Handler
    startup_stm32l151xc.o(RESET) refers to stm32l1xx_it.o(i.NMI_Handler) for NMI_Handler
    startup_stm32l151xc.o(RESET) refers to stm32l1xx_it.o(i.HardFault_Handler) for HardFault_Handler
    startup_stm32l151xc.o(RESET) refers to stm32l1xx_it.o(i.MemManage_Handler) for MemManage_Handler
    startup_stm32l151xc.o(RESET) refers to stm32l1xx_it.o(i.BusFault_Handler) for BusFault_Handler
    startup_stm32l151xc.o(RESET) refers to stm32l1xx_it.o(i.UsageFault_Handler) for UsageFault_Handler
    startup_stm32l151xc.o(RESET) refers to stm32l1xx_it.o(i.SVC_Handler) for SVC_Handler
    startup_stm32l151xc.o(RESET) refers to stm32l1xx_it.o(i.DebugMon_Handler) for DebugMon_Handler
    startup_stm32l151xc.o(RESET) refers to stm32l1xx_it.o(i.PendSV_Handler) for PendSV_Handler
    startup_stm32l151xc.o(RESET) refers to stm32l1xx_it.o(i.SysTick_Handler) for SysTick_Handler
    startup_stm32l151xc.o(RESET) refers to atk_usart.o(i.USART1_IRQHandler) for USART1_IRQHandler
    startup_stm32l151xc.o(.text) refers (Special) to heapauxi.o(.text) for __use_two_region_memory
    startup_stm32l151xc.o(.text) refers to system_stm32l1xx.o(i.SystemInit) for SystemInit
    startup_stm32l151xc.o(.text) refers to __main.o(!!!main) for __main
    startup_stm32l151xc.o(.text) refers to startup_stm32l151xc.o(HEAP) for Heap_Mem
    startup_stm32l151xc.o(.text) refers to startup_stm32l151xc.o(STACK) for Stack_Mem
    main.o(i.SystemClock_Config) refers to rt_memclr_w.o(.text) for __aeabi_memclr4
    main.o(i.SystemClock_Config) refers to stm32l1xx_hal_rcc.o(i.HAL_RCC_OscConfig) for HAL_RCC_OscConfig
    main.o(i.SystemClock_Config) refers to stm32l1xx_hal_rcc.o(i.HAL_RCC_ClockConfig) for HAL_RCC_ClockConfig
    main.o(i.main) refers to stm32l1xx_hal.o(i.HAL_Init) for HAL_Init
    main.o(i.main) refers to main.o(i.SystemClock_Config) for SystemClock_Config
    main.o(i.main) refers to gpio.o(i.MX_GPIO_Init) for MX_GPIO_Init
    main.o(i.main) refers to code.o(i.CODE_MAIN) for CODE_MAIN
    gpio.o(i.MX_GPIO_Init) refers to rt_memclr_w.o(.text) for __aeabi_memclr4
    gpio.o(i.MX_GPIO_Init) refers to stm32l1xx_hal_gpio.o(i.HAL_GPIO_WritePin) for HAL_GPIO_WritePin
    gpio.o(i.MX_GPIO_Init) refers to stm32l1xx_hal_gpio.o(i.HAL_GPIO_Init) for HAL_GPIO_Init
    tim.o(i.HAL_TIM_Base_MspDeInit) refers to stm32l1xx_hal_cortex.o(i.HAL_NVIC_DisableIRQ) for HAL_NVIC_DisableIRQ
    tim.o(i.HAL_TIM_Base_MspInit) refers to stm32l1xx_hal_cortex.o(i.HAL_NVIC_SetPriority) for HAL_NVIC_SetPriority
    tim.o(i.HAL_TIM_Base_MspInit) refers to stm32l1xx_hal_cortex.o(i.HAL_NVIC_EnableIRQ) for HAL_NVIC_EnableIRQ
    tim.o(i.MX_TIM4_Init) refers to stm32l1xx_hal_tim.o(i.HAL_TIM_Base_Init) for HAL_TIM_Base_Init
    tim.o(i.MX_TIM4_Init) refers to main.o(i.Error_Handler) for Error_Handler
    tim.o(i.MX_TIM4_Init) refers to stm32l1xx_hal_tim.o(i.HAL_TIM_ConfigClockSource) for HAL_TIM_ConfigClockSource
    tim.o(i.MX_TIM4_Init) refers to stm32l1xx_hal_tim_ex.o(i.HAL_TIMEx_MasterConfigSynchronization) for HAL_TIMEx_MasterConfigSynchronization
    tim.o(i.MX_TIM4_Init) refers to tim.o(.bss) for .bss
    usart.o(i.HAL_UART_MspDeInit) refers to stm32l1xx_hal_gpio.o(i.HAL_GPIO_DeInit) for HAL_GPIO_DeInit
    usart.o(i.HAL_UART_MspDeInit) refers to stm32l1xx_hal_cortex.o(i.HAL_NVIC_DisableIRQ) for HAL_NVIC_DisableIRQ
    usart.o(i.HAL_UART_MspInit) refers to rt_memclr_w.o(.text) for __aeabi_memclr4
    usart.o(i.HAL_UART_MspInit) refers to stm32l1xx_hal_gpio.o(i.HAL_GPIO_Init) for HAL_GPIO_Init
    usart.o(i.HAL_UART_MspInit) refers to stm32l1xx_hal_cortex.o(i.HAL_NVIC_SetPriority) for HAL_NVIC_SetPriority
    usart.o(i.HAL_UART_MspInit) refers to stm32l1xx_hal_cortex.o(i.HAL_NVIC_EnableIRQ) for HAL_NVIC_EnableIRQ
    usart.o(i.MX_USART1_UART_Init) refers to stm32l1xx_hal_uart.o(i.HAL_UART_Init) for HAL_UART_Init
    usart.o(i.MX_USART1_UART_Init) refers to main.o(i.Error_Handler) for Error_Handler
    usart.o(i.MX_USART1_UART_Init) refers to rt_memcpy_w.o(.text) for __aeabi_memcpy4
    usart.o(i.MX_USART1_UART_Init) refers to usart.o(.bss) for .bss
    usart.o(i.MX_USART1_UART_Init) refers to atk_usart.o(.bss) for UART1_Handler
    stm32l1xx_it.o(i.SysTick_Handler) refers to stm32l1xx_hal.o(i.HAL_IncTick) for HAL_IncTick
[...]
    .ARM.Collect$$_printf_percent$$00000005  0x080001a4   Section        6  _printf_g.o(.ARM.Collect$$_printf_percent$$00000005)
    .ARM.Collect$$_printf_percent$$00000006  0x080001aa   Section        6  _printf_a.o(.ARM.Collect$$_printf_percent$$00000006)
    .ARM.Collect$$_printf_percent$$00000008  0x080001b0   Section        6  _printf_i.o(.ARM.Collect$$_printf_percent$$00000008)
    .ARM.Collect$$_printf_percent$$00000009  0x080001b6   Section        6  _printf_d.o(.ARM.Collect$$_printf_percent$$00000009)
    .ARM.Collect$$_printf_percent$$0000000A  0x080001bc   Section        6  _printf_u.o(.ARM.Collect$$_printf_percent$$0000000A)
    .ARM.Collect$$_printf_percent$$0000000B  0x080001c2   Section        6  _printf_o.o(.ARM.Collect$$_printf_percent$$0000000B)
    .ARM.Collect$$_printf_percent$$0000000C  0x080001c8   Section        6  _printf_x.o(.ARM.Collect$$_printf_percent$$0000000C)
    .ARM.Collect$$_printf_percent$$00000012  0x080001ce   Section       10  _printf_l.o(.ARM.Collect$$_printf_percent$$00000012)
    .ARM.Collect$$_printf_percent$$00000013  0x080001d8   Section        6  _printf_c.o(.ARM.Collect$$_printf_percent$$00000013)
    .ARM.Collect$$_printf_percent$$00000014  0x080001de   Section        6  _printf_s.o(.ARM.Collect$$_printf_percent$$00000014)
    .ARM.Collect$$_printf_percent$$00000015  0x080001e4   Section        6  _printf_lc.o(.ARM.Collect$$_printf_percent$$00000015)
    .ARM.Collect$$_printf_percent$$00000017  0x080001ea   Section        4  _printf_percent_end.o(.ARM.Collect$$_printf_percent$$00000017)
    .ARM.Collect$$libinit$$00000000          0x080001ee   Section        2  libinit.o(.ARM.Collect$$libinit$$00000000)
    .ARM.Collect$$libinit$$00000002          0x080001f0   Section        0  libinit2.o(.ARM.Collect$$libinit$$00000002)
    .ARM.Collect$$libinit$$00000004          0x080001f0   Section        0  libinit2.o(.ARM.Collect$$libinit$$00000004)
    .ARM.Collect$$libinit$$0000000A          0x080001f0   Section        0  libinit2.o(.ARM.Collect$$libinit$$0000000A)
    .ARM.Collect$$libinit$$0000000C          0x080001f0   Section        0  libinit2.o(.ARM.Collect$$libinit$$0000000C)
    .ARM.Collect$$libinit$$0000000E          0x080001f0   Section        0  libinit2.o(.ARM.Collect$$libinit$$0000000E)
    .ARM.Collect$$libinit$$0000000F          0x080001f0   Section        6  libinit2.o(.ARM.Collect$$libinit$$0000000F)
    .ARM.Collect$$libinit$$00000011          0x080001f6   Section        0  libinit2.o(.ARM.Collect$$libinit$$00000011)
    .ARM.Collect$$libinit$$00000012          0x080001f6   Section       12  libinit2.o(.ARM.Collect$$libinit$$00000012)
    .ARM.Collect$$libinit$$00000013          0x08000202   Section        0  libinit2.o(.ARM.Collect$$libinit$$00000013)
    .ARM.Collect$$libinit$$00000015          0x08000202   Section        0  libinit2.o(.ARM.Collect$$libinit$$00000015)
    .ARM.Collect$$libinit$$00000016          0x08000202   Section       10  libinit2.o(.ARM.Collect$$libinit$$00000016)
    .ARM.Collect$$libinit$$00000017          0x0800020c   Section        0  libinit2.o(.ARM.Collect$$libinit$$00000017)
    .ARM.Collect$$libinit$$00000019          0x0800020c   Section        0  libinit2.o(.ARM.Collect$$libinit$$00000019)
    .ARM.Collect$$libinit$$0000001B          0x0800020c   Section        0  libinit2.o(.ARM.Collect$$libinit$$0000001B)
    .ARM.Collect$$libinit$$0000001D          0x0800020c   Section        0  libinit2.o(.ARM.Collect$$libinit$$0000001D)
    .ARM.Collect$$libinit$$0000001F          0x0800020c   Section        0  libinit2.o(.ARM.Collect$$libinit$$0000001F)
    .ARM.Collect$$libinit$$00000021          0x0800020c   Section        0  libinit2.o(.ARM.Collect$$libinit$$00000021)
    .ARM.Collect$$libinit$$00000023          0x0800020c   Section        0  libinit2.o(.ARM.Collect$$libinit$$00000023)
    .ARM.Collect$$libinit$$00000025          0x0800020c   Section        0  libinit2.o(.ARM.Collect$$libinit$$00000025)
    .ARM.Collect$$libinit$$0000002C          0x0800020c   Section        0  libinit2.o(.ARM.Collect$$libinit$$0000002C)
    .ARM.Collect$$libinit$$0000002E          0x0800020c   Section        0  libinit2.o(.ARM.Collect$$libinit$$0000002E)
    .ARM.Collect$$libinit$$00000030          0x0800020c   Section        0  libinit2.o(.ARM.Collect$$libinit$$00000030)
    .ARM.Collect$$libinit$$00000032          0x0800020c   Section        0  libinit2.o(.ARM.Collect$$libinit$$00000032)
    .ARM.Collect$$libinit$$00000033          0x0800020c   Section        2  libinit2.o(.ARM.Collect$$libinit$$00000033)
    .ARM.Collect$$libshutdown$$00000000      0x0800020e   Section        2  libshutdown.o(.ARM.Collect$$libshutdown$$00000000)
    .ARM.Collect$$libshutdown$$00000002      0x08000210   Section        0  libshutdown2.o(.ARM.Collect$$libshutdown$$00000002)
    .ARM.Collect$$libshutdown$$00000004      0x08000210   Section        0  libshutdown2.o(.ARM.Collect$$libshutdown$$00000004)
    .ARM.Collect$$libshutdown$$00000007      0x08000210   Section        0  libshutdown2.o(.ARM.Collect$$libshutdown$$00000007)
    .ARM.Collect$$libshutdown$$0000000A      0x08000210   Section        0  libshutdown2.o(.ARM.Collect$$libshutdown$$0000000A)
    .ARM.Collect$$libshutdown$$0000000C      0x08000210   Section        0  libshutdown2.o(.ARM.Collect$$libshutdown$$0000000C)
    .ARM.Collect$$libshutdown$$0000000F      0x08000210   Section        0  libshutdown2.o(.ARM.Collect$$libshutdown$$0000000F)
    .ARM.Collect$$libshutdown$$00000010      0x08000210   Section        2  libshutdown2.o(.ARM.Collect$$libshutdown$$00000010)
    .ARM.Collect$$rtentry$$00000000          0x08000212   Section        0  __rtentry.o(.ARM.Collect$$rtentry$$00000000)
    .ARM.Collect$$rtentry$$00000002          0x08000212   Section        0  __rtentry2.o(.ARM.Collect$$rtentry$$00000002)
    .ARM.Collect$$rtentry$$00000004          0x08000212   Section        6  __rtentry4.o(.ARM.Collect$$rtentry$$00000004)
    .ARM.Collect$$rtentry$$00000009          0x08000218   Section        0  __rtentry2.o(.ARM.Collect$$rtentry$$00000009)
    .ARM.Collect$$rtentry$$0000000A          0x08000218   Section        4  __rtentry2.o(.ARM.Collect$$rtentry$$0000000A)
    .ARM.Collect$$rtentry$$0000000C          0x0800021c   Section        0  __rtentry2.o(.ARM.Collect$$rtentry$$0000000C)
    .ARM.Collect$$rtentry$$0000000D          0x0800021c   Section        8  __rtentry2.o(.ARM.Collect$$rtentry$$0000000D)
    .ARM.Collect$$rtexit$$00000000           0x08000224   Section        2  rtexit.o(.ARM.Collect$$rtexit$$00000000)
    .ARM.Collect$$rtexit$$00000002           0x08000226   Section        0  rtexit2.o(.ARM.Collect$$rtexit$$00000002)
    .ARM.Collect$$rtexit$$00000003           0x08000226   Section        4  rtexit2.o(.ARM.Collect$$rtexit$$00000003)
    .ARM.Collect$$rtexit$$00000004           0x0800022a   Section        6  rtexit2.o(.ARM.Collect$$rtexit$$00000004)
    .text                                    0x08000230   Section       64  startup_stm32l151xc.o(.text)
    .text                                    0x08000270   Section        2  use_no_semi_2.o(.text)
    .text                                    0x08000272   Section      238  lludivv7m.o(.text)
    .text                                    0x08000360   Section        0  noretval__2printf.o(.text)
    .text                                    0x08000378   Section        0  noretval__2snprintf.o(.text)
    .text                                    0x080003ac   Section        0  _printf_pad.o(.text)
    .text                                    0x080003fa   Section        0  _printf_truncate.o(.text)
    .text                                    0x0800041e   Section        0  _printf_str.o(.text)
    .text                                    0x08000470   Section        0  _printf_dec.o(.text)
    .text                                    0x080004e8   Section        0  _printf_wctomb.o(.text)
    .text                                    0x080005a4   Section        0  _printf_oct_int.o(.text)
    .text                                    0x080005f8   Section        0  _printf_hex_int.o(.text)
    .text                                    0x08000650   Section        0  __printf_flags_ss_wp.o(.text)
    .text                                    0x080007d8   Section        0  strcat.o(.text)
    .text                                    0x080007f0   Section      100  rt_memcpy_w.o(.text)
    .text                                    0x08000854   Section       78  rt_memclr_w.o(.text)
    .text                                    0x080008a4   Section      128  strcmpv7m.o(.text)
    .text                                    0x08000924   Section        0  heapauxi.o(.text)
    .text                                    0x0800092a   Section        2  use_no_semi.o(.text)
    .text                                    0x0800092c   Section        0  _printf_intcommon.o(.text)
    .text                                    0x080009de   Section        0  _printf_fp_dec.o(.text)
    _fp_digits                               0x080009e1   Thumb Code   428  _printf_fp_dec.o(.text)
    .text                                    0x08000df8   Section        0  _printf_fp_hex.o(.text)
    .text                                    0x080010f4   Section        0  _printf_char_common.o(.text)
    _printf_input_char                       0x080010f5   Thumb Code    10  _printf_char_common.o(.text)
    .text                                    0x08001124   Section        0  _sputc.o(.text)
    .text                                    0x0800112e   Section        0  _snputc.o(.text)
    .text                                    0x0800113e   Section        0  _printf_char.o(.text)
    .text                                    0x0800116c   Section        0  _printf_char_file.o(.text)
    .text                                    0x08001190   Section        0  _printf_wchar.o(.text)
    .text                                    0x080011bc   Section        0  _wcrtomb.o(.text)
    .text                                    0x080011fc   Section       16  rt_ctype_table.o(.text)
    .text                                    0x0800120c   Section        8  rt_locale_intlibspace.o(.text)
    .text                                    0x08001214   Section      138  lludiv10.o(.text)
    .text                                    0x080012a0   Section        0  _printf_fp_infnan.o(.text)
    .text                                    0x08001320   Section        0  bigflt0.o(.text)
    .text                                    0x080013fc   Section        0  ferror.o(.text)
    .text                                    0x08001404   Section        8  libspace.o(.text)
    .text                                    0x0800140c   Section       74  sys_stackheap_outer.o(.text)
    .text                                    0x08001456   Section        0  exit.o(.text)
    CL$$btod_d2e                             0x08001468   Section       62  btod.o(CL$$btod_d2e)
    CL$$btod_d2e_denorm_low                  0x080014a6   Section       70  btod.o(CL$$btod_d2e_denorm_low)
    CL$$btod_d2e_norm_op1                    0x080014ec   Section       96  btod.o(CL$$btod_d2e_norm_op1)
    CL$$btod_div_common                      0x0800154c   Section      824  btod.o(CL$$btod_div_common)
    CL$$btod_e2e                             0x08001884   Section      198  btod.o(CL$$btod_e2e)
    CL$$btod_ediv                            0x0800194a   Section       40  btod.o(CL$$btod_ediv)
    CL$$btod_emul                            0x08001972   Section       40  btod.o(CL$$btod_emul)
    CL$$btod_mult_common                     0x0800199a   Section      580  btod.o(CL$$btod_mult_common)
    i.BusFault_Handler                       0x08001bde   Section        0  stm32l1xx_it.o(i.BusFault_Handler)
    i.CODE_INIT                              0x08001be0   Section        0  code.o(i.CODE_INIT)
    i.CODE_MAIN                              0x08001bee   Section        0  code.o(i.CODE_MAIN)
    i.CODE_SELF_TEST                         0x08001bf8   Section        0  code.o(i.CODE_SELF_TEST)
    i.DebugMon_Handler                       0x08001c2c   Section        0  stm32l1xx_it.o(i.DebugMon_Handler)
    i.Error_Handler                          0x08001c2e   Section        0  main.o(i.Error_Handler)
    i.HAL_DMA_Abort_IT                       0x08001c32   Section        0  stm32l1xx_hal_dma.o(i.HAL_DMA_Abort_IT)
    i.HAL_GPIO_Init                          0x08001c80   Section        0  stm32l1xx_hal_gpio.o(i.HAL_GPIO_Init)
    i.HAL_GPIO_ReadPin                       0x08001e3c   Section        0  stm32l1xx_hal_gpio.o(i.HAL_GPIO_ReadPin)
    i.HAL_GPIO_WritePin                      0x08001e46   Section        0  stm32l1xx_hal_gpio.o(i.HAL_GPIO_WritePin)
    i.HAL_GetTick                            0x08001e50   Section        0  stm32l1xx_hal.o(i.HAL_GetTick)
    i.HAL_IncTick                            0x08001e5c   Section        0  stm32l1xx_hal.o(i.HAL_IncTick)
    i.HAL_Init                               0x08001e6c   Section        0  stm32l1xx_hal.o(i.HAL_Init)
    i.HAL_InitTick                           0x08001e8c   Section        0  stm32l1xx_hal.o(i.HAL_InitTick)
    i.HAL_MspInit                            0x08001ed0   Section        0  stm32l1xx_hal_msp.o(i.HAL_MspInit)
    i.HAL_NVIC_EnableIRQ                     0x08001f14   Section        0  stm32l1xx_hal_cortex.o(i.HAL_NVIC_EnableIRQ)
    i.HAL_NVIC_SetPriority                   0x08001f30   Section        0  stm32l1xx_hal_cortex.o(i.HAL_NVIC_SetPriority)
    i.HAL_NVIC_SetPriorityGrouping           0x08001f70   Section        0  stm32l1xx_hal_cortex.o(i.HAL_NVIC_SetPriorityGrouping)
    i.HAL_RCC_ClockConfig                    0x08001f94   Section        0  stm32l1xx_hal_rcc.o(i.HAL_RCC_ClockConfig)
    i.HAL_RCC_GetPCLK1Freq                   0x08002138   Section        0  stm32l1xx_hal_rcc.o(i.HAL_RCC_GetPCLK1Freq)
    i.HAL_RCC_GetPCLK2Freq                   0x08002158   Section        0  stm32l1xx_hal_rcc.o(i.HAL_RCC_GetPCLK2Freq)
    i.HAL_RCC_GetSysClockFreq                0x08002178   Section        0  stm32l1xx_hal_rcc.o(i.HAL_RCC_GetSysClockFreq)
    i.HAL_RCC_OscConfig                      0x080021dc   Section        0  stm32l1xx_hal_rcc.o(i.HAL_RCC_OscConfig)
    i.HAL_SYSTICK_CLKSourceConfig            0x08002604   Section        0  stm32l1xx_hal_cortex.o(i.HAL_SYSTICK_CLKSourceConfig)
    i.HAL_SYSTICK_Config                     0x0800261c   Section        0  stm32l1xx_hal_cortex.o(i.HAL_SYSTICK_Config)
    i.HAL_UART_ErrorCallback                 0x08002644   Section        0  stm32l1xx_hal_uart.o(i.HAL_UART_ErrorCallback)
    i.HAL_UART_GetState                      0x08002646   Section        0  stm32l1xx_hal_uart.o(i.HAL_UART_GetState)
    i.HAL_UART_IRQHandler                    0x08002650   Section        0  stm32l1xx_hal_uart.o(i.HAL_UART_IRQHandler)
    i.HAL_UART_Init                          0x08002764   Section        0  stm32l1xx_hal_uart.o(i.HAL_UART_Init)
    i.HAL_UART_MspInit                       0x080027c8   Section        0  usart.o(i.HAL_UART_MspInit)
    i.HAL_UART_Receive_IT                    0x08002844   Section        0  stm32l1xx_hal_uart.o(i.HAL_UART_Receive_IT)
    i.HAL_UART_RxCpltCallback                0x08002898   Section        0  atk_usart.o(i.HAL_UART_RxCpltCallback)
    i.HAL_UART_TxCpltCallback                0x08002910   Section        0  stm32l1xx_hal_uart.o(i.HAL_UART_TxCpltCallback)
    i.HardFault_Handler                      0x08002912   Section        0  stm32l1xx_it.o(i.HardFault_Handler)
    i.I2C_1_Read                             0x08002914   Section        0  my_i2c.o(i.I2C_1_Read)
    i.I2C_1_Write                            0x08002928   Section        0  my_i2c.o(i.I2C_1_Write)
    i.I2C_APP_Read_Single_Byte               0x0800293c   Section        0  my_i2c.o(i.I2C_APP_Read_Single_Byte)
    i.I2C_APP_Write_Single_Byte              0x080029d2   Section        0  my_i2c.o(i.I2C_APP_Write_Single_Byte)
    i.I2C_Driver_Ack                         0x08002a4a   Section        0  my_i2c.o(i.I2C_Driver_Ack)
    i.I2C_Driver_NAck                        0x08002a8e   Section        0  my_i2c.o(i.I2C_Driver_NAck)
    i.I2C_Driver_Read                        0x08002ac4   Section        0  my_i2c.o(i.I2C_Driver_Read)
    i.I2C_Driver_Start                       0x08002b36   Section        0  my_i2c.o(i.I2C_Driver_Start)
    i.I2C_Driver_Stop                        0x08002b7a   Section        0  my_i2c.o(i.I2C_Driver_Stop)
    i.I2C_Driver_Wait_Ack                    0x08002bb2   Section        0  my_i2c.o(i.I2C_Driver_Wait_Ack)
    i.I2C_Driver_Write                       0x08002c14   Section        0  my_i2c.o(i.I2C_Driver_Write)
    i.I2C_GPIO_Read_SDA                      0x08002c86   Section        0  my_i2c.o(i.I2C_GPIO_Read_SDA)
    i.I2C_GPIO_Write_SCL                     0x08002c8e   Section        0  my_i2c.o(i.I2C_GPIO_Write_SCL)
    i.I2C_GPIO_Write_SDA                     0x08002c9a   Section        0  my_i2c.o(i.I2C_GPIO_Write_SDA)
    i.I2C_Read_QMC5883                       0x08002caa   Section        0  my_qmc5883.o(i.I2C_Read_QMC5883)
    i.I2C_Write_QMC5883                      0x08002cae   Section        0  my_qmc5883.o(i.I2C_Write_QMC5883)
    i.MX_GPIO_Init                           0x08002cb4   Section        0  gpio.o(i.MX_GPIO_Init)
    i.MX_USART1_UART_Init                    0x08002d58   Section        0  usart.o(i.MX_USART1_UART_Init)
    i.MemManage_Handler                      0x08002dd0   Section        0  stm32l1xx_it.o(i.MemManage_Handler)
    i.NMI_Handler                            0x08002dd2   Section        0  stm32l1xx_it.o(i.NMI_Handler)
    i.PendSV_Handler                         0x08002dd4   Section        0  stm32l1xx_it.o(i.PendSV_Handler)
    i.QMC5883_Init                           0x08002dd6   Section        0  my_qmc5883.o(i.QMC5883_Init)
    i.QMC5883_Read_Mag                       0x08002df8   Section        0  my_qmc5883.o(i.QMC5883_Read_Mag)
    i.RCC_SetFlashLatencyFromMSIRange        0x08002e50   Section        0  stm32l1xx_hal_rcc.o(i.RCC_SetFlashLatencyFromMSIRange)
    RCC_SetFlashLatencyFromMSIRange          0x08002e51   Thumb Code   116  stm32l1xx_hal_rcc.o(i.RCC_SetFlashLatencyFromMSIRange)
    i.SVC_Handler                            0x08002ed0   Section        0  stm32l1xx_it.o(i.SVC_Handler)
    i.SysTick_Handler                        0x08002ed2   Section        0  stm32l1xx_it.o(i.SysTick_Handler)
    i.SystemClock_Config                     0x08002ed8   Section        0  main.o(i.SystemClock_Config)
    i.SystemInit                             0x08002f38   Section        0  system_stm32l1xx.o(i.SystemInit)
    i.UART1_APP_Init                         0x08002f48   Section        0  my_usart.o(i.UART1_APP_Init)
    i.UART_DMAAbortOnError                   0x08002f8c   Section        0  stm32l1xx_hal_uart.o(i.UART_DMAAbortOnError)
    UART_DMAAbortOnError                     0x08002f8d   Thumb Code    16  stm32l1xx_hal_uart.o(i.UART_DMAAbortOnError)
    i.UART_EndRxTransfer                     0x08002f9c   Section        0  stm32l1xx_hal_uart.o(i.UART_EndRxTransfer)
    UART_EndRxTransfer                       0x08002f9d   Thumb Code    28  stm32l1xx_hal_uart.o(i.UART_EndRxTransfer)
    i.UART_Receive_IT                        0x08002fb8   Section        0  stm32l1xx_hal_uart.o(i.UART_Receive_IT)
    UART_Receive_IT                          0x08002fb9   Thumb Code   150  stm32l1xx_hal_uart.o(i.UART_Receive_IT)
    i.UART_SetConfig                         0x08003050   Section        0  stm32l1xx_hal_uart.o(i.UART_SetConfig)
    UART_SetConfig                           0x08003051   Thumb Code   278  stm32l1xx_hal_uart.o(i.UART_SetConfig)
    i.UART_Transmit_IT                       0x0800316c   Section        0  stm32l1xx_hal_uart.o(i.UART_Transmit_IT)
    UART_Transmit_IT                         0x0800316d   Thumb Code    98  stm32l1xx_hal_uart.o(i.UART_Transmit_IT)
    i.USART1_IRQHandler                      0x080031d0   Section        0  atk_usart.o(i.USART1_IRQHandler)
    i.UsageFault_Handler                     0x080031fc   Section        0  stm32l1xx_it.o(i.UsageFault_Handler)
    i.__ARM_fpclassify                       0x080031fe   Section        0  fpclassify.o(i.__ARM_fpclassify)
    i.__NVIC_SetPriority                     0x08003226   Section        0  stm32l1xx_hal_cortex.o(i.__NVIC_SetPriority)
    __NVIC_SetPriority                       0x08003227   Thumb Code    32  stm32l1xx_hal_cortex.o(i.__NVIC_SetPriority)
    i._is_digit                              0x08003246   Section        0  __printf_wp.o(i._is_digit)
    i._sys_exit                              0x08003254   Section        0  atk_usart.o(i._sys_exit)
    i.delay_init                             0x08003258   Section        0  atk_delay.o(i.delay_init)
    i.delay_ms                               0x0800326c   Section        0  atk_delay.o(i.delay_ms)
    i.delay_us                               0x08003288   Section        0  atk_delay.o(i.delay_us)
    i.fputc                                  0x080032bc   Section        0  atk_usart.o(i.fputc)
    i.main                                   0x080032d4   Section        0  main.o(i.main)
    i.muti_printf_arrays                     0x080032e8   Section        0  multi_printf.o(i.muti_printf_arrays)
    i.my_qmc5883_self_test                   0x08003398   Section        0  my_qmc5883.o(i.my_qmc5883_self_test)
    i.re_init_buffer                         0x080033d8   Section        0  atk_usart.o(i.re_init_buffer)
    locale$$code                             0x080033f0   Section       44  lc_numeric_c.o(locale$$code)
    locale$$code                             0x0800341c   Section       44  lc_ctype_c.o(locale$$code)
    x$fpl$dretinf                            0x08003448   Section       12  dretinf.o(x$fpl$dretinf)
    x$fpl$f2d                                0x08003454   Section       86  f2d.o(x$fpl$f2d)
    x$fpl$fnaninf                            0x080034aa   Section      140  fnaninf.o(x$fpl$fnaninf)
    x$fpl$printf1                            0x08003536   Section        4  printf1.o(x$fpl$printf1)
    x$fpl$printf2                            0x0800353a   Section        4  printf2.o(x$fpl$printf2)
    .constdata                               0x0800353e   Section       25  system_stm32l1xx.o(.constdata)
    x$fpl$usenofp                            0x0800353e   Section        0  usenofp.o(x$fpl$usenofp)
    .constdata                               0x08003557   Section        8  system_stm32l1xx.o(.constdata)
    .constdata                               0x08003560   Section        8  _printf_wctomb.o(.constdata)
    initial_mbstate                          0x08003560   Data           8  _printf_wctomb.o(.constdata)
    .constdata                               0x08003568   Section       40  _printf_hex_int.o(.constdata)
    uc_hextab                                0x08003568   Data          20  _printf_hex_int.o(.constdata)
    lc_hextab                                0x0800357c   Data          20  _printf_hex_int.o(.constdata)
    .constdata                               0x08003590   Section       17  __printf_flags_ss_wp.o(.constdata)
    maptable                                 0x08003590   Data          17  __printf_flags_ss_wp.o(.constdata)
    .constdata                               0x080035a1   Section       38  _printf_fp_hex.o(.constdata)
    lc_hextab                                0x080035a1   Data          19  _printf_fp_hex.o(.constdata)
    uc_hextab                                0x080035b4   Data          19  _printf_fp_hex.o(.constdata)
    .constdata                               0x080035c8   Section      148  bigflt0.o(.constdata)
    tenpwrs_x                                0x080035c8   Data          60  bigflt0.o(.constdata)
    tenpwrs_i                                0x08003604   Data          64  bigflt0.o(.constdata)
    locale$$data                             0x0800367c   Section       28  lc_numeric_c.o(locale$$data)
    __lcnum_c_name                           0x08003680   Data           2  lc_numeric_c.o(locale$$data)
    __lcnum_c_start                          0x08003688   Data           0  lc_numeric_c.o(locale$$data)
    __lcnum_c_point                          0x08003694   Data           0  lc_numeric_c.o(locale$$data)
    __lcnum_c_thousands                      0x08003696   Data           0  lc_numeric_c.o(locale$$data)
    __lcnum_c_grouping                       0x08003697   Data           0  lc_numeric_c.o(locale$$data)
    locale$$data                             0x08003698   Section      272  lc_ctype_c.o(locale$$data)
    __lcnum_c_end                            0x08003698   Data           0  lc_numeric_c.o(locale$$data)
    __lcctype_c_name                         0x0800369c   Data           2  lc_ctype_c.o(locale$$data)
    __lcctype_c_start                        0x080036a4   Data           0  lc_ctype_c.o(locale$$data)
    __lcctype_c_end                          0x080037a8   Data           0  lc_ctype_c.o(locale$$data)
    .data                                    0x20000000   Section       12  stm32l1xx_hal.o(.data)
    .data                                    0x2000000c   Section        4  system_stm32l1xx.o(.data)
    .data                                    0x20000010   Section       16  my_i2c.o(.data)
    .data                                    0x20000020   Section       12  my_qmc5883.o(.data)
    .data                                    0x2000002c   Section        4  atk_delay.o(.data)
    fac_us                                   0x2000002c   Data           4  atk_delay.o(.data)
    .data                                    0x20000030   Section        4  atk_usart.o(.data)
    .data                                    0x20000034   Section        4  atk_usart.o(.data)
    .bss                                     0x20000038   Section       64  usart.o(.bss)
    .bss                                     0x20000078   Section      400  multi_printf.o(.bss)
    result                                   0x20000078   Data         200  multi_printf.o(.bss)
    result                                   0x20000140   Data         200  multi_printf.o(.bss)
    .bss                                     0x20000208   Section      264  atk_usart.o(.bss)
    .bss                                     0x20000310   Section       96  libspace.o(.bss)
    HEAP                                     0x20000370   Section      512  startup_stm32l151xc.o(HEAP)
    Heap_Mem                                 0x20000370   Data         512  startup_stm32l151xc.o(HEAP)
    STACK                                    0x20000570   Section     1024  startup_stm32l151xc.o(STACK)
    Stack_Mem                                0x20000570   Data        1024  startup_stm32l151xc.o(STACK)
    __initial_sp                             0x20000970   Data           0  startup_stm32l151xc.o(STACK)

    Global Symbols

    Symbol Name                              Value     Ov Type        Size  Object(Section)

    BuildAttributes$$THM_ISAv4$P$D$K$B$S$PE$A:L22UL41UL21$X:L11$S22US41US21$IEEE1$IW$USESV6$~STKCKD$USESV7$~SHL$OTIME$ROPI$IEEEJ$EBA8$UX$STANDARDLIB$REQ8$PRES8$EABIv2 0x00000000   Number         0  anon$$obj.o ABSOLUTE
    __ARM_use_no_argv                        0x00000000   Number         0  main.o ABSOLUTE
    _printf_flags                            0x00000000   Number         0  printf_stubs.o ABSOLUTE
    _printf_return_value                     0x00000000   Number         0  printf_stubs.o ABSOLUTE
    _printf_sizespec                         0x00000000   Number         0  printf_stubs.o ABSOLUTE
    _printf_widthprec                        0x00000000   Number         0  printf_stubs.o ABSOLUTE
    __ARM_exceptions_init                     - Undefined Weak Reference
    __alloca_initialize                       - Undefined Weak Reference
    __arm_preinit_                            - Undefined Weak Reference
    __cpp_initialize__aeabi_                  - Undefined Weak Reference
    __cxa_finalize                            - Undefined Weak Reference
    __sigvec_lookup                           - Undefined Weak Reference
    _atexit_init                              - Undefined Weak Reference
    _call_atexit_fns                          - Undefined Weak Reference
    _clock_init                               - Undefined Weak Reference
    _fp_trap_init                             - Undefined Weak Reference
    _fp_trap_shutdown                         - Undefined Weak Reference
    _get_lc_collate                           - Undefined Weak Reference
    _get_lc_monetary                          - Undefined Weak Reference
    _get_lc_time                              - Undefined Weak Reference
    _getenv_init                              - Undefined Weak Reference
    _handle_redirection                       - Undefined Weak Reference
    _init_alloc                               - Undefined Weak Reference
    _init_user_alloc                          - Undefined Weak Reference
    _initio                                   - Undefined Weak Reference
    _mutex_acquire                            - Undefined Weak Reference
    _mutex_release                            - Undefined Weak Reference
    _printf_mbtowc                            - Undefined Weak Reference
    _printf_wc                                - Undefined Weak Reference
    _rand_init                                - Undefined Weak Reference
    _signal_finish                            - Undefined Weak Reference
    _signal_init                              - Undefined Weak Reference
    _terminate_alloc                          - Undefined Weak Reference
    _terminate_user_alloc                     - Undefined Weak Reference
    _terminateio                              - Undefined Weak Reference
    __Vectors_Size                           0x00000124   Number         0  startup_stm32l151xc.o ABSOLUTE
    __Vectors                                0x08000000   Data           4  startup_stm32l151xc.o(RESET)
    __Vectors_End                            0x08000124   Data           0  startup_stm32l151xc.o(RESET)
    __main                                   0x08000125   Thumb Code     8  __main.o(!!!main)
    __scatterload                            0x0800012d   Thumb Code     0  __scatter.o(!!!scatter)
    __scatterload_rt2                        0x0800012d   Thumb Code    44  __scatter.o(!!!scatter)
    __scatterload_rt2_thumb_only             0x0800012d   Thumb Code     0  __scatter.o(!!!scatter)
    __scatterload_null                       0x0800013b   Thumb Code     0  __scatter.o(!!!scatter)
    __scatterload_copy                       0x08000161   Thumb Code    26  __scatter_copy.o(!!handler_copy)
    __scatterload_zeroinit                   0x0800017d   Thumb Code    28  __scatter_zi.o(!!handler_zi)
    _printf_f                                0x08000199   Thumb Code     0  _printf_f.o(.ARM.Collect$$_printf_percent$$00000003)
    _printf_percent                          0x08000199   Thumb Code     0  _printf_percent.o(.ARM.Collect$$_printf_percent$$00000000)
    _printf_e                                0x0800019f   Thumb Code     0  _printf_e.o(.ARM.Collect$$_printf_percent$$00000004)
    _printf_g                                0x080001a5   Thumb Code     0  _printf_g.o(.ARM.Collect$$_printf_percent$$00000005)
    _printf_a                                0x080001ab   Thumb Code     0  _printf_a.o(.ARM.Collect$$_printf_percent$$00000006)
    _printf_i                                0x080001b1   Thumb Code     0  _printf_i.o(.ARM.Collect$$_printf_percent$$00000008)
    _printf_d                                0x080001b7   Thumb Code     0  _printf_d.o(.ARM.Collect$$_printf_percent$$00000009)
    _printf_u                                0x080001bd   Thumb Code     0  _printf_u.o(.ARM.Collect$$_printf_percent$$0000000A)
    _printf_o                                0x080001c3   Thumb Code     0  _printf_o.o(.ARM.Collect$$_printf_percent$$0000000B)
    _printf_x                                0x080001c9   Thumb Code     0  _printf_x.o(.ARM.Collect$$_printf_percent$$0000000C)
    _printf_l                                0x080001cf   Thumb Code     0  _printf_l.o(.ARM.Collect$$_printf_percent$$00000012)
    _printf_c                                0x080001d9   Thumb Code     0  _printf_c.o(.ARM.Collect$$_printf_percent$$00000013)
    _printf_s                                0x080001df   Thumb Code     0  _printf_s.o(.ARM.Collect$$_printf_percent$$00000014)
    _printf_lc                               0x080001e5   Thumb Code     0  _printf_lc.o(.ARM.Collect$$_printf_percent$$00000015)
    _printf_percent_end                      0x080001eb   Thumb Code     0  _printf_percent_end.o(.ARM.Collect$$_printf_percent$$00000017)
    __rt_lib_init                            0x080001ef   Thumb Code     0  libinit.o(.ARM.Collect$$libinit$$00000000)
    __rt_lib_init_fp_1                       0x080001f1   Thumb Code     0  libinit2.o(.ARM.Collect$$libinit$$00000002)
    __rt_lib_init_heap_1                     0x080001f1   Thumb Code     0  libinit2.o(.ARM.Collect$$libinit$$0000000A)
    __rt_lib_init_lc_common                  0x080001f1   Thumb Code     0  libinit2.o(.ARM.Collect$$libinit$$0000000F)
    __rt_lib_init_preinit_1                  0x080001f1   Thumb Code     0  libinit2.o(.ARM.Collect$$libinit$$00000004)
    __rt_lib_init_rand_1                     0x080001f1   Thumb Code     0  libinit2.o(.ARM.Collect$$libinit$$0000000E)
    __rt_lib_init_user_alloc_1               0x080001f1   Thumb Code     0  libinit2.o(.ARM.Collect$$libinit$$0000000C)
    __rt_lib_init_lc_collate_1               0x080001f7   Thumb Code     0  libinit2.o(.ARM.Collect$$libinit$$00000011)
    __rt_lib_init_lc_ctype_2                 0x080001f7   Thumb Code     0  libinit2.o(.ARM.Collect$$libinit$$00000012)
    __rt_lib_init_lc_ctype_1                 0x08000203   Thumb Code     0  libinit2.o(.ARM.Collect$$libinit$$00000013)
    __rt_lib_init_lc_monetary_1              0x08000203   Thumb Code     0  libinit2.o(.ARM.Collect$$libinit$$00000015)
    __rt_lib_init_lc_numeric_2               0x08000203   Thumb Code     0  libinit2.o(.ARM.Collect$$libinit$$00000016)
    __rt_lib_init_alloca_1                   0x0800020d   Thumb Code     0  libinit2.o(.ARM.Collect$$libinit$$0000002E)
    __rt_lib_init_argv_1                     0x0800020d   Thumb Code     0  libinit2.o(.ARM.Collect$$libinit$$0000002C)
    __rt_lib_init_atexit_1                   0x0800020d   Thumb Code     0  libinit2.o(.ARM.Collect$$libinit$$0000001B)
    __rt_lib_init_clock_1                    0x0800020d   Thumb Code     0  libinit2.o(.ARM.Collect$$libinit$$00000021)
    __rt_lib_init_cpp_1                      0x0800020d   Thumb Code     0  libinit2.o(.ARM.Collect$$libinit$$00000032)
    __rt_lib_init_exceptions_1               0x0800020d   Thumb Code     0  libinit2.o(.ARM.Collect$$libinit$$00000030)
    __rt_lib_init_fp_trap_1                  0x0800020d   Thumb Code     0  libinit2.o(.ARM.Collect$$libinit$$0000001F)
    __rt_lib_init_getenv_1                   0x0800020d   Thumb Code     0  libinit2.o(.ARM.Collect$$libinit$$00000023)
    __rt_lib_init_lc_numeric_1               0x0800020d   Thumb Code     0  libinit2.o(.ARM.Collect$$libinit$$00000017)
    __rt_lib_init_lc_time_1                  0x0800020d   Thumb Code     0  libinit2.o(.ARM.Collect$$libinit$$00000019)
    __rt_lib_init_return                     0x0800020d   Thumb Code     0  libinit2.o(.ARM.Collect$$libinit$$00000033)
    __rt_lib_init_signal_1                   0x0800020d   Thumb Code     0  libinit2.o(.ARM.Collect$$libinit$$0000001D)
    __rt_lib_init_stdio_1                    0x0800020d   Thumb Code     0  libinit2.o(.ARM.Collect$$libinit$$00000025)
    __rt_lib_shutdown                        0x0800020f   Thumb Code     0  libshutdown.o(.ARM.Collect$$libshutdown$$00000000)
    __rt_lib_shutdown_cpp_1                  0x08000211   Thumb Code     0  libshutdown2.o(.ARM.Collect$$libshutdown$$00000002)
    __rt_lib_shutdown_fp_trap_1              0x08000211   Thumb Code     0  libshutdown2.o(.ARM.Collect$$libshutdown$$00000007)
    __rt_lib_shutdown_heap_1                 0x08000211   Thumb Code     0  libshutdown2.o(.ARM.Collect$$libshutdown$$0000000F)
    __rt_lib_shutdown_return                 0x08000211   Thumb Code     0  libshutdown2.o(.ARM.Collect$$libshutdown$$00000010)
    __rt_lib_shutdown_signal_1               0x08000211   Thumb Code     0  libshutdown2.o(.ARM.Collect$$libshutdown$$0000000A)
    __rt_lib_shutdown_stdio_1                0x08000211   Thumb Code     0  libshutdown2.o(.ARM.Collect$$libshutdown$$00000004)
    __rt_lib_shutdown_user_alloc_1           0x08000211   Thumb Code     0  libshutdown2.o(.ARM.Collect$$libshutdown$$0000000C)
    __rt_entry                               0x08000213   Thumb Code     0  __rtentry.o(.ARM.Collect$$rtentry$$00000000)
    __rt_entry_presh_1                       0x08000213   Thumb Code     0  __rtentry2.o(.ARM.Collect$$rtentry$$00000002)
    __rt_entry_sh                            0x08000213   Thumb Code     0  __rtentry4.o(.ARM.Collect$$rtentry$$00000004)
    __rt_entry_li                            0x08000219   Thumb Code     0  __rtentry2.o(.ARM.Collect$$rtentry$$0000000A)
    __rt_entry_postsh_1                      0x08000219   Thumb Code     0  __rtentry2.o(.ARM.Collect$$rtentry$$00000009)
    __rt_entry_main                          0x0800021d   Thumb Code     0  __rtentry2.o(.ARM.Collect$$rtentry$$0000000D)
    __rt_entry_postli_1                      0x0800021d   Thumb Code     0  __rtentry2.o(.ARM.Collect$$rtentry$$0000000C)
    __rt_exit                                0x08000225   Thumb Code     0  rtexit.o(.ARM.Collect$$rtexit$$00000000)
    __rt_exit_ls                             0x08000227   Thumb Code     0  rtexit2.o(.ARM.Collect$$rtexit$$00000003)
    __rt_exit_prels_1                        0x08000227   Thumb Code     0  rtexit2.o(.ARM.Collect$$rtexit$$00000002)
    __rt_exit_exit                           0x0800022b   Thumb Code     0  rtexit2.o(.ARM.Collect$$rtexit$$00000004)
    Reset_Handler                            0x08000231   Thumb Code     8  startup_stm32l151xc.o(.text)
    ADC1_IRQHandler                          0x0800024b   Thumb Code     0  startup_stm32l151xc.o(.text)
    COMP_ACQ_IRQHandler                      0x0800024b   Thumb Code     0  startup_stm32l151xc.o(.text)
    COMP_IRQHandler                          0x0800024b   Thumb Code     0  startup_stm32l151xc.o(.text)
    DAC_IRQHandler                           0x0800024b   Thumb Code     0  startup_stm32l151xc.o(.text)
    DMA1_Channel1_IRQHandler                 0x0800024b   Thumb Code     0  startup_stm32l151xc.o(.text)
    DMA1_Channel2_IRQHandler                 0x0800024b   Thumb Code     0  startup_stm32l151xc.o(.text)
    DMA1_Channel3_IRQHandler                 0x0800024b   Thumb Code     0  startup_stm32l151xc.o(.text)
    DMA1_Channel4_IRQHandler                 0x0800024b   Thumb Code     0  startup_stm32l151xc.o(.text)
    DMA1_Channel5_IRQHandler                 0x0800024b   Thumb Code     0  startup_stm32l151xc.o(.text)
    DMA1_Channel6_IRQHandler                 0x0800024b   Thumb Code     0  startup_stm32l151xc.o(.text)
    DMA1_Channel7_IRQHandler                 0x0800024b   Thumb Code     0  startup_stm32l151xc.o(.text)
    DMA2_Channel1_IRQHandler                 0x0800024b   Thumb Code     0  startup_stm32l151xc.o(.text)
    DMA2_Channel2_IRQHandler                 0x0800024b   Thumb Code     0  startup_stm32l151xc.o(.text)
    DMA2_Channel3_IRQHandler                 0x0800024b   Thumb Code     0  startup_stm32l151xc.o(.text)
    DMA2_Channel4_IRQHandler                 0x0800024b   Thumb Code     0  startup_stm32l151xc.o(.text)
    DMA2_Channel5_IRQHandler                 0x0800024b   Thumb Code     0  startup_stm32l151xc.o(.text)
    EXTI0_IRQHandler                         0x0800024b   Thumb Code     0  startup_stm32l151xc.o(.text)
    EXTI15_10_IRQHandler                     0x0800024b   Thumb Code     0  startup_stm32l151xc.o(.text)
    EXTI1_IRQHandler                         0x0800024b   Thumb Code     0  startup_stm32l151xc.o(.text)
    EXTI2_IRQHandler                         0x0800024b   Thumb Code     0  startup_stm32l151xc.o(.text)
    EXTI3_IRQHandler                         0x0800024b   Thumb Code     0  startup_stm32l151xc.o(.text)
    EXTI4_IRQHandler                         0x0800024b   Thumb Code     0  startup_stm32l151xc.o(.text)
    EXTI9_5_IRQHandler                       0x0800024b   Thumb Code     0  startup_stm32l151xc.o(.text)
    FLASH_IRQHandler                         0x0800024b   Thumb Code     0  startup_stm32l151xc.o(.text)
    I2C1_ER_IRQHandler                       0x0800024b   Thumb Code     0  startup_stm32l151xc.o(.text)
    I2C1_EV_IRQHandler                       0x0800024b   Thumb Code     0  startup_stm32l151xc.o(.text)
    I2C2_ER_IRQHandler                       0x0800024b   Thumb Code     0  startup_stm32l151xc.o(.text)
    I2C2_EV_IRQHandler                       0x0800024b   Thumb Code     0  startup_stm32l151xc.o(.text)
    PVD_IRQHandler                           0x0800024b   Thumb Code     0  startup_stm32l151xc.o(.text)
    RCC_IRQHandler                           0x0800024b   Thumb Code     0  startup_stm32l151xc.o(.text)
    RTC_Alarm_IRQHandler                     0x0800024b   Thumb Code     0  startup_stm32l151xc.o(.text)
    RTC_WKUP_IRQHandler                      0x0800024b   Thumb Code     0  startup_stm32l151xc.o(.text)
    SPI1_IRQHandler                          0x0800024b   Thumb Code     0  startup_stm32l151xc.o(.text)
    SPI2_IRQHandler                          0x0800024b   Thumb Code     0  startup_stm32l151xc.o(.text)
    SPI3_IRQHandler                          0x0800024b   Thumb Code     0  startup_stm32l151xc.o(.text)
    TAMPER_STAMP_IRQHandler                  0x0800024b   Thumb Code     0  startup_stm32l151xc.o(.text)
    TIM10_IRQHandler                         0x0800024b   Thumb Code     0  startup_stm32l151xc.o(.text)
    TIM11_IRQHandler                         0x0800024b   Thumb Code     0  startup_stm32l151xc.o(.text)
    TIM2_IRQHandler                          0x0800024b   Thumb Code     0  startup_stm32l151xc.o(.text)
    TIM3_IRQHandler                          0x0800024b   Thumb Code     0  startup_stm32l151xc.o(.text)
    TIM4_IRQHandler                          0x0800024b   Thumb Code     0  startup_stm32l151xc.o(.text)
    TIM5_IRQHandler                          0x0800024b   Thumb Code     0  startup_stm32l151xc.o(.text)
    TIM6_IRQHandler                          0x0800024b   Thumb Code     0  startup_stm32l151xc.o(.text)
    TIM7_IRQHandler                          0x0800024b   Thumb Code     0  startup_stm32l151xc.o(.text)
    TIM9_IRQHandler                          0x0800024b   Thumb Code     0  startup_stm32l151xc.o(.text)
    USART2_IRQHandler                        0x0800024b   Thumb Code     0  startup_stm32l151xc.o(.text)
    USART3_IRQHandler                        0x0800024b   Thumb Code     0  startup_stm32l151xc.o(.text)
    USB_FS_WKUP_IRQHandler                   0x0800024b   Thumb Code     0  startup_stm32l151xc.o(.text)
    USB_HP_IRQHandler                        0x0800024b   Thumb Code     0  startup_stm32l151xc.o(.text)
    USB_LP_IRQHandler                        0x0800024b   Thumb Code     0  startup_stm32l151xc.o(.text)
    WWDG_IRQHandler                          0x0800024b   Thumb Code     0  startup_stm32l151xc.o(.text)
    __user_initial_stackheap                 0x0800024d   Thumb Code     0  startup_stm32l151xc.o(.text)
    __use_no_semihosting                     0x08000271   Thumb Code     2  use_no_semi_2.o(.text)
    __aeabi_uldivmod                         0x08000273   Thumb Code     0  lludivv7m.o(.text)
    _ll_udiv                                 0x08000273   Thumb Code   238  lludivv7m.o(.text)
    __2printf                                0x08000361   Thumb Code    20  noretval__2printf.o(.text)
    __2snprintf                              0x08000379   Thumb Code    48  noretval__2snprintf.o(.text)
    _printf_pre_padding                      0x080003ad   Thumb Code    44  _printf_pad.o(.text)
    _printf_post_padding                     0x080003d9   Thumb Code    34  _printf_pad.o(.text)
    _printf_truncate_signed                  0x080003fb   Thumb Code    18  _printf_truncate.o(.text)
    _printf_truncate_unsigned                0x0800040d   Thumb Code    18  _printf_truncate.o(.text)
    _printf_str                              0x0800041f   Thumb Code    82  _printf_str.o(.text)
    _printf_int_dec                          0x08000471   Thumb Code   104  _printf_dec.o(.text)
    _printf_wctomb                           0x080004e9   Thumb Code   182  _printf_wctomb.o(.text)
    _printf_int_oct                          0x080005a5   Thumb Code    74  _printf_oct_int.o(.text)
    _printf_longlong_oct                     0x080005a5   Thumb Code     0  _printf_oct_int.o(.text)
    _printf_int_hex                          0x080005f9   Thumb Code    84  _printf_hex_int.o(.text)
    _printf_longlong_hex                     0x080005f9   Thumb Code     0  _printf_hex_int.o(.text)
    __printf                                 0x08000651   Thumb Code   388  __printf_flags_ss_wp.o(.text)
    strcat                                   0x080007d9   Thumb Code    24  strcat.o(.text)
    __aeabi_memcpy4                          0x080007f1   Thumb Code     0  rt_memcpy_w.o(.text)
    __aeabi_memcpy8                          0x080007f1   Thumb Code     0  rt_memcpy_w.o(.text)
    __rt_memcpy_w                            0x080007f1   Thumb Code   100  rt_memcpy_w.o(.text)
    _memcpy_lastbytes_aligned                0x08000839   Thumb Code     0  rt_memcpy_w.o(.text)
    __aeabi_memclr4                          0x08000855   Thumb Code     0  rt_memclr_w.o(.text)
    __aeabi_memclr8                          0x08000855   Thumb Code     0  rt_memclr_w.o(.text)
    __rt_memclr_w                            0x08000855   Thumb Code    78  rt_memclr_w.o(.text)
    _memset_w                                0x08000859   Thumb Code     0  rt_memclr_w.o(.text)
    strcmp                                   0x080008a5   Thumb Code   128  strcmpv7m.o(.text)
    __use_two_region_memory                  0x08000925   Thumb Code     2  heapauxi.o(.text)
    __rt_heap_escrow$2region                 0x08000927   Thumb Code     2  heapauxi.o(.text)
    __rt_heap_expand$2region                 0x08000929   Thumb Code     2  heapauxi.o(.text)
    __I$use$semihosting                      0x0800092b   Thumb Code     0  use_no_semi.o(.text)
    __use_no_semihosting_swi                 0x0800092b   Thumb Code     2  use_no_semi.o(.text)
    _printf_int_common                       0x0800092d   Thumb Code   178  _printf_intcommon.o(.text)
    __lib_sel_fp_printf                      0x080009df   Thumb Code     2  _printf_fp_dec.o(.text)
    _printf_fp_dec_real                      0x08000b8d   Thumb Code   620  _printf_fp_dec.o(.text)
    _printf_fp_hex_real                      0x08000df9   Thumb Code   756  _printf_fp_hex.o(.text)
    _printf_char_common                      0x080010ff   Thumb Code    32  _printf_char_common.o(.text)
    _sputc                                   0x08001125   Thumb Code    10  _sputc.o(.text)
    _snputc                                  0x0800112f   Thumb Code    16  _snputc.o(.text)
    _printf_cs_common                        0x0800113f   Thumb Code    20  _printf_char.o(.text)
    _printf_char                             0x08001153   Thumb Code    16  _printf_char.o(.text)
    _printf_string                           0x08001163   Thumb Code     8  _printf_char.o(.text)
    _printf_char_file                        0x0800116d   Thumb Code    32  _printf_char_file.o(.text)
    _printf_lcs_common                       0x08001191   Thumb Code    20  _printf_wchar.o(.text)
    _printf_wchar                            0x080011a5   Thumb Code    16  _printf_wchar.o(.text)
    _printf_wstring                          0x080011b5   Thumb Code     8  _printf_wchar.o(.text)
    _wcrtomb                                 0x080011bd   Thumb Code    64  _wcrtomb.o(.text)
    __rt_ctype_table                         0x080011fd   Thumb Code    16  rt_ctype_table.o(.text)
    __rt_locale                              0x0800120d   Thumb Code     8  rt_locale_intlibspace.o(.text)
    _ll_udiv10                               0x08001215   Thumb Code   138  lludiv10.o(.text)
    _printf_fp_infnan                        0x080012a1   Thumb Code   112  _printf_fp_infnan.o(.text)
    _btod_etento                             0x08001321   Thumb Code   216  bigflt0.o(.text)
    ferror                                   0x080013fd   Thumb Code     8  ferror.o(.text)
    __user_libspace                          0x08001405   Thumb Code     8  libspace.o(.text)
    __user_perproc_libspace                  0x08001405   Thumb Code     0  libspace.o(.text)
    __user_perthread_libspace                0x08001405   Thumb Code     0  libspace.o(.text)
    __user_setup_stackheap                   0x0800140d   Thumb Code    74  sys_stackheap_outer.o(.text)
    exit                                     0x08001457   Thumb Code    18  exit.o(.text)
    _btod_d2e                                0x08001469   Thumb Code    62  btod.o(CL$$btod_d2e)
    _d2e_denorm_low                          0x080014a7   Thumb Code    70  btod.o(CL$$btod_d2e_denorm_low)
    _d2e_norm_op1                            0x080014ed   Thumb Code    96  btod.o(CL$$btod_d2e_norm_op1)
    __btod_div_common                        0x0800154d   Thumb Code   696  btod.o(CL$$btod_div_common)
    _e2e                                     0x08001885   Thumb Code   198  btod.o(CL$$btod_e2e)
    _btod_ediv                               0x0800194b   Thumb Code    40  btod.o(CL$$btod_ediv)
    _btod_emul                               0x08001973   Thumb Code    40  btod.o(CL$$btod_emul)
    __btod_mult_common                       0x0800199b   Thumb Code   580  btod.o(CL$$btod_mult_common)
    BusFault_Handler                         0x08001bdf   Thumb Code     2  stm32l1xx_it.o(i.BusFault_Handler)
    CODE_INIT                                0x08001be1   Thumb Code    14  code.o(i.CODE_INIT)
    CODE_MAIN                                0x08001bef   Thumb Code     8  code.o(i.CODE_MAIN)
    CODE_SELF_TEST                           0x08001bf9   Thumb Code    18  code.o(i.CODE_SELF_TEST)
    DebugMon_Handler                         0x08001c2d   Thumb Code     2  stm32l1xx_it.o(i.DebugMon_Handler)
    Error_Handler                            0x08001c2f   Thumb Code     4  main.o(i.Error_Handler)
    HAL_DMA_Abort_IT                         0x08001c33   Thumb Code    78  stm32l1xx_hal_dma.o(i.HAL_DMA_Abort_IT)
    HAL_GPIO_Init                            0x08001c81   Thumb Code   412  stm32l1xx_hal_gpio.o(i.HAL_GPIO_Init)
    HAL_GPIO_ReadPin                         0x08001e3d   Thumb Code    10  stm32l1xx_hal_gpio.o(i.HAL_GPIO_ReadPin)
    HAL_GPIO_WritePin                        0x08001e47   Thumb Code    10  stm32l1xx_hal_gpio.o(i.HAL_GPIO_WritePin)
    HAL_GetTick                              0x08001e51   Thumb Code     6  stm32l1xx_hal.o(i.HAL_GetTick)
    HAL_IncTick                              0x08001e5d   Thumb Code    12  stm32l1xx_hal.o(i.HAL_IncTick)
    HAL_Init                                 0x08001e6d   Thumb Code    30  stm32l1xx_hal.o(i.HAL_Init)
    HAL_InitTick                             0x08001e8d   Thumb Code    58  stm32l1xx_hal.o(i.HAL_InitTick)
    HAL_MspInit                              0x08001ed1   Thumb Code    62  stm32l1xx_hal_msp.o(i.HAL_MspInit)
    HAL_NVIC_EnableIRQ                       0x08001f15   Thumb Code    26  stm32l1xx_hal_cortex.o(i.HAL_NVIC_EnableIRQ)
    HAL_NVIC_SetPriority                     0x08001f31   Thumb Code    60  stm32l1xx_hal_cortex.o(i.HAL_NVIC_SetPriority)
    HAL_NVIC_SetPriorityGrouping             0x08001f71   Thumb Code    26  stm32l1xx_hal_cortex.o(i.HAL_NVIC_SetPriorityGrouping)
    HAL_RCC_ClockConfig                      0x08001f95   Thumb Code   400  stm32l1xx_hal_rcc.o(i.HAL_RCC_ClockConfig)
    HAL_RCC_GetPCLK1Freq                     0x08002139   Thumb Code    20  stm32l1xx_hal_rcc.o(i.HAL_RCC_GetPCLK1Freq)
    HAL_RCC_GetPCLK2Freq                     0x08002159   Thumb Code    20  stm32l1xx_hal_rcc.o(i.HAL_RCC_GetPCLK2Freq)
    HAL_RCC_GetSysClockFreq                  0x08002179   Thumb Code    86  stm32l1xx_hal_rcc.o(i.HAL_RCC_GetSysClockFreq)
    HAL_RCC_OscConfig                        0x080021dd   Thumb Code  1064  stm32l1xx_hal_rcc.o(i.HAL_RCC_OscConfig)
    HAL_SYSTICK_CLKSourceConfig              0x08002605   Thumb Code    24  stm32l1xx_hal_cortex.o(i.HAL_SYSTICK_CLKSourceConfig)
    HAL_SYSTICK_Config                       0x0800261d   Thumb Code    40  stm32l1xx_hal_cortex.o(i.HAL_SYSTICK_Config)
    HAL_UART_ErrorCallback                   0x08002645   Thumb Code     2  stm32l1xx_hal_uart.o(i.HAL_UART_ErrorCallback)
    HAL_UART_GetState                        0x08002647   Thumb Code    10  stm32l1xx_hal_uart.o(i.HAL_UART_GetState)
    HAL_UART_IRQHandler                      0x08002651   Thumb Code   270  stm32l1xx_hal_uart.o(i.HAL_UART_IRQHandler)
    HAL_UART_Init                            0x08002765   Thumb Code    98  stm32l1xx_hal_uart.o(i.HAL_UART_Init)
    HAL_UART_MspInit                         0x080027c9   Thumb Code   110  usart.o(i.HAL_UART_MspInit)
    HAL_UART_Receive_IT                      0x08002845   Thumb Code    82  stm32l1xx_hal_uart.o(i.HAL_UART_Receive_IT)
    HAL_UART_RxCpltCallback                  0x08002899   Thumb Code    92  atk_usart.o(i.HAL_UART_RxCpltCallback)
    HAL_UART_TxCpltCallback                  0x08002911   Thumb Code     2  stm32l1xx_hal_uart.o(i.HAL_UART_TxCpltCallback)
    HardFault_Handler                        0x08002913   Thumb Code     2  stm32l1xx_it.o(i.HardFault_Handler)
    I2C_1_Read                               0x08002915   Thumb Code    16  my_i2c.o(i.I2C_1_Read)
    I2C_1_Write                              0x08002929   Thumb Code    16  my_i2c.o(i.I2C_1_Write)
    I2C_APP_Read_Single_Byte                 0x0800293d   Thumb Code   150  my_i2c.o(i.I2C_APP_Read_Single_Byte)
    I2C_APP_Write_Single_Byte                0x080029d3   Thumb Code   120  my_i2c.o(i.I2C_APP_Write_Single_Byte)
    I2C_Driver_Ack                           0x08002a4b   Thumb Code    68  my_i2c.o(i.I2C_Driver_Ack)
    I2C_Driver_NAck                          0x08002a8f   Thumb Code    54  my_i2c.o(i.I2C_Driver_NAck)
    I2C_Driver_Read                          0x08002ac5   Thumb Code   114  my_i2c.o(i.I2C_Driver_Read)
    I2C_Driver_Start                         0x08002b37   Thumb Code    68  my_i2c.o(i.I2C_Driver_Start)
    I2C_Driver_Stop                          0x08002b7b   Thumb Code    56  my_i2c.o(i.I2C_Driver_Stop)
    I2C_Driver_Wait_Ack                      0x08002bb3   Thumb Code    98  my_i2c.o(i.I2C_Driver_Wait_Ack)
    I2C_Driver_Write                         0x08002c15   Thumb Code   114  my_i2c.o(i.I2C_Driver_Write)
    I2C_GPIO_Read_SDA                        0x08002c87   Thumb Code     8  my_i2c.o(i.I2C_GPIO_Read_SDA)
    I2C_GPIO_Write_SCL                       0x08002c8f   Thumb Code    12  my_i2c.o(i.I2C_GPIO_Write_SCL)
    I2C_GPIO_Write_SDA                       0x08002c9b   Thumb Code    16  my_i2c.o(i.I2C_GPIO_Write_SDA)
    I2C_Read_QMC5883                         0x08002cab   Thumb Code     4  my_qmc5883.o(i.I2C_Read_QMC5883)
    I2C_Write_QMC5883                        0x08002caf   Thumb Code     4  my_qmc5883.o(i.I2C_Write_QMC5883)
    MX_GPIO_Init                             0x08002cb5   Thumb Code   150  gpio.o(i.MX_GPIO_Init)
    MX_USART1_UART_Init                      0x08002d59   Thumb Code   106  usart.o(i.MX_USART1_UART_Init)
    MemManage_Handler                        0x08002dd1   Thumb Code     2  stm32l1xx_it.o(i.MemManage_Handler)
    NMI_Handler                              0x08002dd3   Thumb Code     2  stm32l1xx_it.o(i.NMI_Handler)
    PendSV_Handler                           0x08002dd5   Thumb Code     2  stm32l1xx_it.o(i.PendSV_Handler)
    QMC5883_Init                             0x08002dd7   Thumb Code    32  my_qmc5883.o(i.QMC5883_Init)
    QMC5883_Read_Mag                         0x08002df9   Thumb Code    82  my_qmc5883.o(i.QMC5883_Read_Mag)
    SVC_Handler                              0x08002ed1   Thumb Code     2  stm32l1xx_it.o(i.SVC_Handler)
    SysTick_Handler                          0x08002ed3   Thumb Code     4  stm32l1xx_it.o(i.SysTick_Handler)
    SystemClock_Config                       0x08002ed9   Thumb Code    90  main.o(i.SystemClock_Config)
    SystemInit                               0x08002f39   Thumb Code    10  system_stm32l1xx.o(i.SystemInit)
    UART1_APP_Init                           0x08002f49   Thumb Code    32  my_usart.o(i.UART1_APP_Init)
    USART1_IRQHandler                        0x080031d1   Thumb Code    34  atk_usart.o(i.USART1_IRQHandler)
    UsageFault_Handler                       0x080031fd   Thumb Code     2  stm32l1xx_it.o(i.UsageFault_Handler)
    __ARM_fpclassify                         0x080031ff   Thumb Code    40  fpclassify.o(i.__ARM_fpclassify)
    _is_digit                                0x08003247   Thumb Code    14  __printf_wp.o(i._is_digit)
    _sys_exit                                0x08003255   Thumb Code     2  atk_usart.o(i._sys_exit)
    delay_init                               0x08003259   Thumb Code    16  atk_delay.o(i.delay_init)
    delay_ms                                 0x0800326d   Thumb Code    26  atk_delay.o(i.delay_ms)
    delay_us                                 0x08003289   Thumb Code    48  atk_delay.o(i.delay_us)
    fputc                                    0x080032bd   Thumb Code    18  atk_usart.o(i.fputc)
    main                                     0x080032d5   Thumb Code    18  main.o(i.main)
    muti_printf_arrays                       0x080032e9   Thumb Code   168  multi_printf.o(i.muti_printf_arrays)
    my_qmc5883_self_test                     0x08003399   Thumb Code    42  my_qmc5883.o(i.my_qmc5883_self_test)
    re_init_buffer                           0x080033d9   Thumb Code    14  atk_usart.o(i.re_init_buffer)
    _get_lc_numeric                          0x080033f1   Thumb Code    44  lc_numeric_c.o(locale$$code)
    _get_lc_ctype                            0x0800341d   Thumb Code    44  lc_ctype_c.o(locale$$code)
    __fpl_dretinf                            0x08003449   Thumb Code    12  dretinf.o(x$fpl$dretinf)
    __aeabi_f2d                              0x08003455   Thumb Code     0  f2d.o(x$fpl$f2d)
    _f2d                                     0x08003455   Thumb Code    86  f2d.o(x$fpl$f2d)
    __fpl_fnaninf                            0x080034ab   Thumb Code   140  fnaninf.o(x$fpl$fnaninf)
    _printf_fp_dec                           0x08003537   Thumb Code     4  printf1.o(x$fpl$printf1)
    _printf_fp_hex                           0x0800353b   Thumb Code     4  printf2.o(x$fpl$printf2)
    PLLMulTable                              0x0800353e   Data           9  system_stm32l1xx.o(.constdata)
    __I$use$fp                               0x0800353e   Number         0  usenofp.o(x$fpl$usenofp)
    AHBPrescTable                            0x08003547   Data          16  system_stm32l1xx.o(.constdata)
    APBPrescTable                            0x08003557   Data           8  system_stm32l1xx.o(.constdata)
    Region$$Table$$Base                      0x0800365c   Number         0  anon$$obj.o(Region$$Table)
    Region$$Table$$Limit                     0x0800367c   Number         0  anon$$obj.o(Region$$Table)
    __ctype                                  0x080036a5   Data           0  lc_ctype_c.o(locale$$data)
    uwTickPrio                               0x20000000   Data           4  stm32l1xx_hal.o(.data)
    uwTickFreq                               0x20000004   Data           4  stm32l1xx_hal.o(.data)
    uwTick                                   0x20000008   Data           4  stm32l1xx_hal.o(.data)
    SystemCoreClock                          0x2000000c   Data           4  system_stm32l1xx.o(.data)
    I2C_Class_1                              0x20000010   Data          16  my_i2c.o(.data)
    qmc5883_mag                              0x20000020   Data           6  my_qmc5883.o(.data)
    temp_qmc5883                             0x20000026   Data           6  my_qmc5883.o(.data)
    aRxBuffer                                0x20000030   Data           1  atk_usart.o(.data)
    USART_RX_STA                             0x20000032   Data           2  atk_usart.o(.data)
    __stdout                                 0x20000034   Data           4  atk_usart.o(.data)
    huart1                                   0x20000038   Data          64  usart.o(.bss)
    USART_RX_BUF                             0x20000208   Data         200  atk_usart.o(.bss)
    UART1_Handler                            0x200002d0   Data          64  atk_usart.o(.bss)
    __libspace_start                         0x20000310   Data          96  libspace.o(.bss)
    __temporary_stack_top$libspace           0x20000370   Data           0  libspace.o(.bss)



==============================================================================

Memory Map of the image

  Image Entry point : 0x08000125

  Load Region LR_IROM1 (Base: 0x08000000, Size: 0x000037e0, Max: 0x00040000, ABSOLUTE)

    Execution Region ER_IROM1 (Base: 0x08000000, Size: 0x000037a8, Max: 0x00040000, ABSOLUTE)

    Base Addr    Size         Type   Attr      Idx    E Section Name        Object

    0x08000000   0x00000124   Data   RO            3    RESET               startup_stm32l151xc.o
    0x08000124   0x00000008   Code   RO         3344  * !!!main             c_w.l(__main.o)
    0x0800012c   0x00000034   Code   RO         3599    !!!scatter          c_w.l(__scatter.o)
    0x08000160   0x0000001a   Code   RO         3601    !!handler_copy      c_w.l(__scatter_copy.o)
    0x0800017a   0x00000002   PAD
    0x0800017c   0x0000001c   Code   RO         3603    !!handler_zi        c_w.l(__scatter_zi.o)
    0x08000198   0x00000000   Code   RO         3332    .ARM.Collect$$_printf_percent$$00000000  c_w.l(_printf_percent.o)
    0x08000198   0x00000006   Code   RO         3328    .ARM.Collect$$_printf_percent$$00000003  c_w.l(_printf_f.o)
    0x0800019e   0x00000006   Code   RO         3329    .ARM.Collect$$_printf_percent$$00000004  c_w.l(_printf_e.o)
    0x080001a4   0x00000006   Code   RO         3330    .ARM.Collect$$_printf_percent$$00000005  c_w.l(_printf_g.o)
    0x080001aa   0x00000006   Code   RO         3331    .ARM.Collect$$_printf_percent$$00000006  c_w.l(_printf_a.o)
    0x080001b0   0x00000006   Code   RO         3325    .ARM.Collect$$_printf_percent$$00000008  c_w.l(_printf_i.o)
    0x080001b6   0x00000006   Code   RO         3326    .ARM.Collect$$_printf_percent$$00000009  c_w.l(_printf_d.o)
    0x080001bc   0x00000006   Code   RO         3327    .ARM.Collect$$_printf_percent$$0000000A  c_w.l(_printf_u.o)
    0x080001c2   0x00000006   Code   RO         3324    .ARM.Collect$$_printf_percent$$0000000B  c_w.l(_printf_o.o)
    0x080001c8   0x00000006   Code   RO         3323    .ARM.Collect$$_printf_percent$$0000000C  c_w.l(_printf_x.o)
    0x080001ce   0x0000000a   Code   RO         3383    .ARM.Collect$$_printf_percent$$00000012  c_w.l(_printf_l.o)
    0x080001d8   0x00000006   Code   RO         3321    .ARM.Collect$$_printf_percent$$00000013  c_w.l(_printf_c.o)
    0x080001de   0x00000006   Code   RO         3322    .ARM.Collect$$_printf_percent$$00000014  c_w.l(_printf_s.o)
    0x080001e4   0x00000006   Code   RO         3333    .ARM.Collect$$_printf_percent$$00000015  c_w.l(_printf_lc.o)
    0x080001ea   0x00000004   Code   RO         3382    .ARM.Collect$$_printf_percent$$00000017  c_w.l(_printf_percent_end.o)
    0x080001ee   0x00000002   Code   RO         3476    .ARM.Collect$$libinit$$00000000  c_w.l(libinit.o)
    0x080001f0   0x00000000   Code   RO         3478    .ARM.Collect$$libinit$$00000002  c_w.l(libinit2.o)
    0x080001f0   0x00000000   Code   RO         3480    .ARM.Collect$$libinit$$00000004  c_w.l(libinit2.o)
    0x080001f0   0x00000000   Code   RO         3483    .ARM.Collect$$libinit$$0000000A  c_w.l(libinit2.o)
    0x080001f0   0x00000000   Code   RO         3485    .ARM.Collect$$libinit$$0000000C  c_w.l(libinit2.o)
    0x080001f0   0x00000000   Code   RO         3487    .ARM.Collect$$libinit$$0000000E  c_w.l(libinit2.o)
    0x080001f0   0x00000006   Code   RO         3488    .ARM.Collect$$libinit$$0000000F  c_w.l(libinit2.o)
    0x080001f6   0x00000000   Code   RO         3490    .ARM.Collect$$libinit$$00000011  c_w.l(libinit2.o)
    0x080001f6   0x0000000c   Code   RO         3491    .ARM.Collect$$libinit$$00000012  c_w.l(libinit2.o)
    0x08000202   0x00000000   Code   RO         3492    .ARM.Collect$$libinit$$00000013  c_w.l(libinit2.o)
    0x08000202   0x00000000   Code   RO         3494    .ARM.Collect$$libinit$$00000015  c_w.l(libinit2.o)
    0x08000202   0x0000000a   Code   RO         3495    .ARM.Collect$$libinit$$00000016  c_w.l(libinit2.o)
    0x0800020c   0x00000000   Code   RO         3496    .ARM.Collect$$libinit$$00000017  c_w.l(libinit2.o)
    0x0800020c   0x00000000   Code   RO         3498    .ARM.Collect$$libinit$$00000019  c_w.l(libinit2.o)
    0x0800020c   0x00000000   Code   RO         3500    .ARM.Collect$$libinit$$0000001B  c_w.l(libinit2.o)
    0x0800020c   0x00000000   Code   RO         3502    .ARM.Collect$$libinit$$0000001D  c_w.l(libinit2.o)
    0x0800020c   0x00000000   Code   RO         3504    .ARM.Collect$$libinit$$0000001F  c_w.l(libinit2.o)
    0x0800020c   0x00000000   Code   RO         3506    .ARM.Collect$$libinit$$00000021  c_w.l(libinit2.o)
    0x0800020c   0x00000000   Code   RO         3508    .ARM.Collect$$libinit$$00000023  c_w.l(libinit2.o)
    0x0800020c   0x00000000   Code   RO         3510    .ARM.Collect$$libinit$$00000025  c_w.l(libinit2.o)
    0x0800020c   0x00000000   Code   RO         3514    .ARM.Collect$$libinit$$0000002C  c_w.l(libinit2.o)
    0x0800020c   0x00000000   Code   RO         3516    .ARM.Collect$$libinit$$0000002E  c_w.l(libinit2.o)
    0x0800020c   0x00000000   Code   RO         3518    .ARM.Collect$$libinit$$00000030  c_w.l(libinit2.o)
    0x0800020c   0x00000000   Code   RO         3520    .ARM.Collect$$libinit$$00000032  c_w.l(libinit2.o)
    0x0800020c   0x00000002   Code   RO         3521    .ARM.Collect$$libinit$$00000033  c_w.l(libinit2.o)
    0x0800020e   0x00000002   Code   RO         3563    .ARM.Collect$$libshutdown$$00000000  c_w.l(libshutdown.o)
    0x08000210   0x00000000   Code   RO         3582    .ARM.Collect$$libshutdown$$00000002  c_w.l(libshutdown2.o)
    0x08000210   0x00000000   Code   RO         3584    .ARM.Collect$$libshutdown$$00000004  c_w.l(libshutdown2.o)
    0x08000210   0x00000000   Code   RO         3587    .ARM.Collect$$libshutdown$$00000007  c_w.l(libshutdown2.o)
    0x08000210   0x00000000   Code   RO         3590    .ARM.Collect$$libshutdown$$0000000A  c_w.l(libshutdown2.o)
    0x08000210   0x00000000   Code   RO         3592    .ARM.Collect$$libshutdown$$0000000C  c_w.l(libshutdown2.o)
    0x08000210   0x00000000   Code   RO         3595    .ARM.Collect$$libshutdown$$0000000F  c_w.l(libshutdown2.o)
    0x08000210   0x00000002   Code   RO         3596    .ARM.Collect$$libshutdown$$00000010  c_w.l(libshutdown2.o)
    0x08000212   0x00000000   Code   RO         3358    .ARM.Collect$$rtentry$$00000000  c_w.l(__rtentry.o)
    0x08000212   0x00000000   Code   RO         3392    .ARM.Collect$$rtentry$$00000002  c_w.l(__rtentry2.o)
    0x08000212   0x00000006   Code   RO         3404    .ARM.Collect$$rtentry$$00000004  c_w.l(__rtentry4.o)
    0x08000218   0x00000000   Code   RO         3394    .ARM.Collect$$rtentry$$00000009  c_w.l(__rtentry2.o)
    0x08000218   0x00000004   Code   RO         3395    .ARM.Collect$$rtentry$$0000000A  c_w.l(__rtentry2.o)
    0x0800021c   0x00000000   Code   RO         3397    .ARM.Collect$$rtentry$$0000000C  c_w.l(__rtentry2.o)
    0x0800021c   0x00000008   Code   RO         3398    .ARM.Collect$$rtentry$$0000000D  c_w.l(__rtentry2.o)
    0x08000224   0x00000002   Code   RO         3522    .ARM.Collect$$rtexit$$00000000  c_w.l(rtexit.o)
    0x08000226   0x00000000   Code   RO         3535    .ARM.Collect$$rtexit$$00000002  c_w.l(rtexit2.o)
    0x08000226   0x00000004   Code   RO         3536    .ARM.Collect$$rtexit$$00000003  c_w.l(rtexit2.o)
    0x0800022a   0x00000006   Code   RO         3537    .ARM.Collect$$rtexit$$00000004  c_w.l(rtexit2.o)
    0x08000230   0x00000040   Code   RO            4    .text               startup_stm32l151xc.o
    0x08000270   0x00000002   Code   RO         3249    .text               c_w.l(use_no_semi_2.o)
    0x08000272   0x000000ee   Code   RO         3251    .text               c_w.l(lludivv7m.o)
    0x08000360   0x00000018   Code   RO         3257    .text               c_w.l(noretval__2printf.o)
    0x08000378   0x00000034   Code   RO         3259    .text               c_w.l(noretval__2snprintf.o)
    0x080003ac   0x0000004e   Code   RO         3263    .text               c_w.l(_printf_pad.o)
    0x080003fa   0x00000024   Code   RO         3265    .text               c_w.l(_printf_truncate.o)
    0x0800041e   0x00000052   Code   RO         3267    .text               c_w.l(_printf_str.o)
    0x08000470   0x00000078   Code   RO         3269    .text               c_w.l(_printf_dec.o)
    0x080004e8   0x000000bc   Code   RO         3271    .text               c_w.l(_printf_wctomb.o)
    0x080005a4   0x00000054   Code   RO         3276    .text               c_w.l(_printf_oct_int.o)
    0x080005f8   0x00000058   Code   RO         3283    .text               c_w.l(_printf_hex_int.o)
    0x08000650   0x00000188   Code   RO         3318    .text               c_w.l(__printf_flags_ss_wp.o)
    0x080007d8   0x00000018   Code   RO         3334    .text               c_w.l(strcat.o)
    0x080007f0   0x00000064   Code   RO         3336    .text               c_w.l(rt_memcpy_w.o)
    0x08000854   0x0000004e   Code   RO         3338    .text               c_w.l(rt_memclr_w.o)
    0x080008a2   0x00000002   PAD
    0x080008a4   0x00000080   Code   RO         3340    .text               c_w.l(strcmpv7m.o)
    0x08000924   0x00000006   Code   RO         3342    .text               c_w.l(heapauxi.o)
    0x0800092a   0x00000002   Code   RO         3356    .text               c_w.l(use_no_semi.o)
    0x0800092c   0x000000b2   Code   RO         3363    .text               c_w.l(_printf_intcommon.o)
    0x080009de   0x0000041a   Code   RO         3365    .text               c_w.l(_printf_fp_dec.o)
    0x08000df8   0x000002fc   Code   RO         3367    .text               c_w.l(_printf_fp_hex.o)
    0x080010f4   0x00000030   Code   RO         3370    .text               c_w.l(_printf_char_common.o)
    0x08001124   0x0000000a   Code   RO         3372    .text               c_w.l(_sputc.o)
    0x0800112e   0x00000010   Code   RO         3374    .text               c_w.l(_snputc.o)
    0x0800113e   0x0000002c   Code   RO         3376    .text               c_w.l(_printf_char.o)
    0x0800116a   0x00000002   PAD
    0x0800116c   0x00000024   Code   RO         3378    .text               c_w.l(_printf_char_file.o)
    0x08001190   0x0000002c   Code   RO         3380    .text               c_w.l(_printf_wchar.o)
    0x080011bc   0x00000040   Code   RO         3384    .text               c_w.l(_wcrtomb.o)
    0x080011fc   0x00000010   Code   RO         3406    .text               c_w.l(rt_ctype_table.o)
    0x0800120c   0x00000008   Code   RO         3413    .text               c_w.l(rt_locale_intlibspace.o)
    0x08001214   0x0000008a   Code   RO         3415    .text               c_w.l(lludiv10.o)
    0x0800129e   0x00000002   PAD
    0x080012a0   0x00000080   Code   RO         3417    .text               c_w.l(_printf_fp_infnan.o)
    0x08001320   0x000000dc   Code   RO         3421    .text               c_w.l(bigflt0.o)
    0x080013fc   0x00000008   Code   RO         3446    .text               c_w.l(ferror.o)
    0x08001404   0x00000008   Code   RO         3457    .text               c_w.l(libspace.o)
    0x0800140c   0x0000004a   Code   RO         3460    .text               c_w.l(sys_stackheap_outer.o)
    0x08001456   0x00000012   Code   RO         3465    .text               c_w.l(exit.o)
    0x08001468   0x0000003e   Code   RO         3424    CL$$btod_d2e        c_w.l(btod.o)
    0x080014a6   0x00000046   Code   RO         3426    CL$$btod_d2e_denorm_low  c_w.l(btod.o)
    0x080014ec   0x00000060   Code   RO         3425    CL$$btod_d2e_norm_op1  c_w.l(btod.o)
    0x0800154c   0x00000338   Code   RO         3434    CL$$btod_div_common  c_w.l(btod.o)
    0x08001884   0x000000c6   Code   RO         3431    CL$$btod_e2e        c_w.l(btod.o)
    0x0800194a   0x00000028   Code   RO         3428    CL$$btod_ediv       c_w.l(btod.o)
    0x08001972   0x00000028   Code   RO         3427    CL$$btod_emul       c_w.l(btod.o)
    0x0800199a   0x00000244   Code   RO         3433    CL$$btod_mult_common  c_w.l(btod.o)
    0x08001bde   0x00000002   Code   RO          305    i.BusFault_Handler  stm32l1xx_it.o
    0x08001be0   0x0000000e   Code   RO         2691    i.CODE_INIT         code.o
    0x08001bee   0x00000008   Code   RO         2692    i.CODE_MAIN         code.o
    0x08001bf6   0x00000002   PAD
    0x08001bf8   0x00000034   Code   RO         2693    i.CODE_SELF_TEST    code.o
    0x08001c2c   0x00000002   Code   RO          306    i.DebugMon_Handler  stm32l1xx_it.o
    0x08001c2e   0x00000004   Code   RO           13    i.Error_Handler     main.o
    0x08001c32   0x0000004e   Code   RO         1847    i.HAL_DMA_Abort_IT  stm32l1xx_hal_dma.o
    0x08001c80   0x000001bc   Code   RO         1782    i.HAL_GPIO_Init     stm32l1xx_hal_gpio.o
    0x08001e3c   0x0000000a   Code   RO         1784    i.HAL_GPIO_ReadPin  stm32l1xx_hal_gpio.o
    0x08001e46   0x0000000a   Code   RO         1786    i.HAL_GPIO_WritePin  stm32l1xx_hal_gpio.o
    0x08001e50   0x0000000c   Code   RO         1149    i.HAL_GetTick       stm32l1xx_hal.o
    0x08001e5c   0x00000010   Code   RO         1155    i.HAL_IncTick       stm32l1xx_hal.o
    0x08001e6c   0x0000001e   Code   RO         1156    i.HAL_Init          stm32l1xx_hal.o
    0x08001e8a   0x00000002   PAD
    0x08001e8c   0x00000044   Code   RO         1157    i.HAL_InitTick      stm32l1xx_hal.o
    0x08001ed0   0x00000044   Code   RO          381    i.HAL_MspInit       stm32l1xx_hal_msp.o
    0x08001f14   0x0000001a   Code   RO         2125    i.HAL_NVIC_EnableIRQ  stm32l1xx_hal_cortex.o
    0x08001f2e   0x00000002   PAD
    0x08001f30   0x00000040   Code   RO         2131    i.HAL_NVIC_SetPriority  stm32l1xx_hal_cortex.o
    0x08001f70   0x00000024   Code   RO         2132    i.HAL_NVIC_SetPriorityGrouping  stm32l1xx_hal_cortex.o
    0x08001f94   0x000001a4   Code   RO         1313    i.HAL_RCC_ClockConfig  stm32l1xx_hal_rcc.o
    0x08002138   0x00000020   Code   RO         1320    i.HAL_RCC_GetPCLK1Freq  stm32l1xx_hal_rcc.o
    0x08002158   0x00000020   Code   RO         1321    i.HAL_RCC_GetPCLK2Freq  stm32l1xx_hal_rcc.o
    0x08002178   0x00000064   Code   RO         1322    i.HAL_RCC_GetSysClockFreq  stm32l1xx_hal_rcc.o
    0x080021dc   0x00000428   Code   RO         1325    i.HAL_RCC_OscConfig  stm32l1xx_hal_rcc.o
    0x08002604   0x00000018   Code   RO         2134    i.HAL_SYSTICK_CLKSourceConfig  stm32l1xx_hal_cortex.o
    0x0800261c   0x00000028   Code   RO         2136    i.HAL_SYSTICK_Config  stm32l1xx_hal_cortex.o
    0x08002644   0x00000002   Code   RO         2348    i.HAL_UART_ErrorCallback  stm32l1xx_hal_uart.o
    0x08002646   0x0000000a   Code   RO         2350    i.HAL_UART_GetState  stm32l1xx_hal_uart.o
    0x08002650   0x00000114   Code   RO         2351    i.HAL_UART_IRQHandler  stm32l1xx_hal_uart.o
    0x08002764   0x00000062   Code   RO         2352    i.HAL_UART_Init     stm32l1xx_hal_uart.o
    0x080027c6   0x00000002   PAD
    0x080027c8   0x0000007c   Code   RO          253    i.HAL_UART_MspInit  usart.o
    0x08002844   0x00000052   Code   RO         2357    i.HAL_UART_Receive_IT  stm32l1xx_hal_uart.o
    0x08002896   0x00000002   PAD
    0x08002898   0x00000078   Code   RO         3190    i.HAL_UART_RxCpltCallback  atk_usart.o
    0x08002910   0x00000002   Code   RO         2363    i.HAL_UART_TxCpltCallback  stm32l1xx_hal_uart.o
    0x08002912   0x00000002   Code   RO          307    i.HardFault_Handler  stm32l1xx_it.o
    0x08002914   0x00000014   Code   RO         2853    i.I2C_1_Read        my_i2c.o
    0x08002928   0x00000014   Code   RO         2854    i.I2C_1_Write       my_i2c.o
    0x0800293c   0x00000096   Code   RO         2856    i.I2C_APP_Read_Single_Byte  my_i2c.o
    0x080029d2   0x00000078   Code   RO         2857    i.I2C_APP_Write_Single_Byte  my_i2c.o
    0x08002a4a   0x00000044   Code   RO         2858    i.I2C_Driver_Ack    my_i2c.o
    0x08002a8e   0x00000036   Code   RO         2859    i.I2C_Driver_NAck   my_i2c.o
    0x08002ac4   0x00000072   Code   RO         2860    i.I2C_Driver_Read   my_i2c.o
    0x08002b36   0x00000044   Code   RO         2861    i.I2C_Driver_Start  my_i2c.o
    0x08002b7a   0x00000038   Code   RO         2862    i.I2C_Driver_Stop   my_i2c.o
    0x08002bb2   0x00000062   Code   RO         2863    i.I2C_Driver_Wait_Ack  my_i2c.o
    0x08002c14   0x00000072   Code   RO         2864    i.I2C_Driver_Write  my_i2c.o
    0x08002c86   0x00000008   Code   RO         2866    i.I2C_GPIO_Read_SDA  my_i2c.o
    0x08002c8e   0x0000000c   Code   RO         2867    i.I2C_GPIO_Write_SCL  my_i2c.o
    0x08002c9a   0x00000010   Code   RO         2868    i.I2C_GPIO_Write_SDA  my_i2c.o
    0x08002caa   0x00000004   Code   RO         2981    i.I2C_Read_QMC5883  my_qmc5883.o
    0x08002cae   0x00000004   Code   RO         2982    i.I2C_Write_QMC5883  my_qmc5883.o
    0x08002cb2   0x00000002   PAD
    0x08002cb4   0x000000a4   Code   RO          186    i.MX_GPIO_Init      gpio.o
    0x08002d58   0x00000078   Code   RO          254    i.MX_USART1_UART_Init  usart.o
    0x08002dd0   0x00000002   Code   RO          308    i.MemManage_Handler  stm32l1xx_it.o
    0x08002dd2   0x00000002   Code   RO          309    i.NMI_Handler       stm32l1xx_it.o
    0x08002dd4   0x00000002   Code   RO          310    i.PendSV_Handler    stm32l1xx_it.o
    0x08002dd6   0x00000020   Code   RO         2983    i.QMC5883_Init      my_qmc5883.o
    0x08002df6   0x00000002   PAD
    0x08002df8   0x00000058   Code   RO         2984    i.QMC5883_Read_Mag  my_qmc5883.o
    0x08002e50   0x00000080   Code   RO         1326    i.RCC_SetFlashLatencyFromMSIRange  stm32l1xx_hal_rcc.o
    0x08002ed0   0x00000002   Code   RO          311    i.SVC_Handler       stm32l1xx_it.o
    0x08002ed2   0x00000004   Code   RO          312    i.SysTick_Handler   stm32l1xx_it.o
    0x08002ed6   0x00000002   PAD
    0x08002ed8   0x00000060   Code   RO           14    i.SystemClock_Config  main.o
    0x08002f38   0x00000010   Code   RO         2654    i.SystemInit        system_stm32l1xx.o
    0x08002f48   0x00000044   Code   RO         2816    i.UART1_APP_Init    my_usart.o
    0x08002f8c   0x00000010   Code   RO         2365    i.UART_DMAAbortOnError  stm32l1xx_hal_uart.o
    0x08002f9c   0x0000001c   Code   RO         2375    i.UART_EndRxTransfer  stm32l1xx_hal_uart.o
    0x08002fb8   0x00000096   Code   RO         2377    i.UART_Receive_IT   stm32l1xx_hal_uart.o
    0x0800304e   0x00000002   PAD
    0x08003050   0x0000011c   Code   RO         2378    i.UART_SetConfig    stm32l1xx_hal_uart.o
    0x0800316c   0x00000062   Code   RO         2379    i.UART_Transmit_IT  stm32l1xx_hal_uart.o
    0x080031ce   0x00000002   PAD
    0x080031d0   0x0000002c   Code   RO         3191    i.USART1_IRQHandler  atk_usart.o
    0x080031fc   0x00000002   Code   RO          313    i.UsageFault_Handler  stm32l1xx_it.o
    0x080031fe   0x00000028   Code   RO         3455    i.__ARM_fpclassify  m_ws.l(fpclassify.o)
    0x08003226   0x00000020   Code   RO         2138    i.__NVIC_SetPriority  stm32l1xx_hal_cortex.o
    0x08003246   0x0000000e   Code   RO         3311    i._is_digit         c_w.l(__printf_wp.o)
    0x08003254   0x00000002   Code   RO         3192    i._sys_exit         atk_usart.o
    0x08003256   0x00000002   PAD
    0x08003258   0x00000014   Code   RO         3100    i.delay_init        atk_delay.o
    0x0800326c   0x0000001a   Code   RO         3101    i.delay_ms          atk_delay.o
    0x08003286   0x00000002   PAD
    0x08003288   0x00000034   Code   RO         3102    i.delay_us          atk_delay.o
    0x080032bc   0x00000018   Code   RO         3193    i.fputc             atk_usart.o
    0x080032d4   0x00000012   Code   RO           15    i.main              main.o
    0x080032e6   0x00000002   PAD
    0x080032e8   0x000000b0   Code   RO         3052    i.muti_printf_arrays  multi_printf.o
    0x08003398   0x00000040   Code   RO         2986    i.my_qmc5883_self_test  my_qmc5883.o
    0x080033d8   0x00000018   Code   RO         3194    i.re_init_buffer    atk_usart.o
    0x080033f0   0x0000002c   Code   RO         3451    locale$$code        c_w.l(lc_numeric_c.o)
    0x0800341c   0x0000002c   Code   RO         3463    locale$$code        c_w.l(lc_ctype_c.o)
    0x08003448   0x0000000c   Code   RO         3386    x$fpl$dretinf       fz_ws.l(dretinf.o)
    0x08003454   0x00000056   Code   RO         3346    x$fpl$f2d           fz_ws.l(f2d.o)
    0x080034aa   0x0000008c   Code   RO         3388    x$fpl$fnaninf       fz_ws.l(fnaninf.o)
    0x08003536   0x00000004   Code   RO         3348    x$fpl$printf1       fz_ws.l(printf1.o)
    0x0800353a   0x00000004   Code   RO         3350    x$fpl$printf2       fz_ws.l(printf2.o)
    0x0800353e   0x00000000   Code   RO         3390    x$fpl$usenofp       fz_ws.l(usenofp.o)
    0x0800353e   0x00000019   Data   RO         2655    .constdata          system_stm32l1xx.o
    0x08003557   0x00000008   Data   RO         2656    .constdata          system_stm32l1xx.o
    0x0800355f   0x00000001   PAD
    0x08003560   0x00000008   Data   RO         3272    .constdata          c_w.l(_printf_wctomb.o)
    0x08003568   0x00000028   Data   RO         3284    .constdata          c_w.l(_printf_hex_int.o)
    0x08003590   0x00000011   Data   RO         3319    .constdata          c_w.l(__printf_flags_ss_wp.o)
    0x080035a1   0x00000026   Data   RO         3368    .constdata          c_w.l(_printf_fp_hex.o)
    0x080035c7   0x00000001   PAD
    0x080035c8   0x00000094   Data   RO         3422    .constdata          c_w.l(bigflt0.o)
    0x0800365c   0x00000020   Data   RO         3597    Region$$Table       anon$$obj.o
    0x0800367c   0x0000001c   Data   RO         3450    locale$$data        c_w.l(lc_numeric_c.o)
    0x08003698   0x00000110   Data   RO         3462    locale$$data        c_w.l(lc_ctype_c.o)


    Execution Region RW_IRAM1 (Base: 0x20000000, Size: 0x00000970, Max: 0x00008000, ABSOLUTE)

    Base Addr    Size         Type   Attr      Idx    E Section Name        Object

    0x20000000   0x0000000c   Data   RW         1163    .data               stm32l1xx_hal.o
    0x2000000c   0x00000004   Data   RW         2657    .data               system_stm32l1xx.o
    0x20000010   0x00000010   Data   RW         2870    .data               my_i2c.o
    0x20000020   0x0000000c   Data   RW         2987    .data               my_qmc5883.o
    0x2000002c   0x00000004   Data   RW         3103    .data               atk_delay.o
    0x20000030   0x00000004   Data   RW         3196    .data               atk_usart.o
    0x20000034   0x00000004   Data   RW         3197    .data               atk_usart.o
    0x20000038   0x00000040   Zero   RW          255    .bss                usart.o
    0x20000078   0x00000190   Zero   RW         3055    .bss                multi_printf.o
    0x20000208   0x00000108   Zero   RW         3195    .bss                atk_usart.o
    0x20000310   0x00000060   Zero   RW         3458    .bss                c_w.l(libspace.o)
    0x20000370   0x00000200   Zero   RW            2    HEAP                startup_stm32l151xc.o
    0x20000570   0x00000400   Zero   RW            1    STACK               startup_stm32l151xc.o


==============================================================================

Image component sizes


      Code (inc. data)   RO Data    RW Data    ZI Data      Debug   Object Name

        98          8          0          4          0       3919   atk_delay.o
       214         54          0          8        264       4659   atk_usart.o
        74         34          0          0          0       1706   code.o
       164         14          0          0          0        979   gpio.o
       118          6          0          0          0     353920   main.o
       176          8          0          0        400       3233   multi_printf.o
       918          8          0         16          0      11339   my_i2c.o
       192         28          0         12          0       3493   my_qmc5883.o
        68         36          0          0          0        513   my_usart.o
        64         26        292          0       1536        816   startup_stm32l151xc.o
       126         20          0         12          0       3301   stm32l1xx_hal.o
       222         14          0          0          0      31297   stm32l1xx_hal_cortex.o
        78          0          0          0          0       1083   stm32l1xx_hal_dma.o
       464         32          0          0          0       3043   stm32l1xx_hal_gpio.o
        68          6          0          0          0        902   stm32l1xx_hal_msp.o
      1776        112          0          0          0       6260   stm32l1xx_hal_rcc.o
      1046         12          0          0          0       8063   stm32l1xx_hal_uart.o
        20          0          0          0          0       3950   stm32l1xx_it.o
        16          6         33          4          0       1223   system_stm32l1xx.o
       244         28          0          0         64       2482   usart.o

    ----------------------------------------------------------------------
      6172        452        358         56       2264     446181   Object Totals
         0          0         32          0          0          0   (incl. Generated)
        26          0          1          0          0          0   (incl. Padding)

    ----------------------------------------------------------------------

      Code (inc. data)   RO Data    RW Data    ZI Data      Debug   Library Member Name

         8          0          0          0          0         68   __main.o
       392          4         17          0          0         92   __printf_flags_ss_wp.o
        14          0          0          0          0         68   __printf_wp.o
         0          0          0          0          0          0   __rtentry.o
        12          0          0          0          0          0   __rtentry2.o
         6          0          0          0          0          0   __rtentry4.o
        52          8          0          0          0          0   __scatter.o
        26          0          0          0          0          0   __scatter_copy.o
        28          0          0          0          0          0   __scatter_zi.o
         6          0          0          0          0          0   _printf_a.o
         6          0          0          0          0          0   _printf_c.o
        44          0          0          0          0        108   _printf_char.o
        48          6          0          0          0         96   _printf_char_common.o
        36          4          0          0          0         80   _printf_char_file.o
         6          0          0          0          0          0   _printf_d.o
       120         16          0          0          0         92   _printf_dec.o
         6          0          0          0          0          0   _printf_e.o
         6          0          0          0          0          0   _printf_f.o
      1050          0          0          0          0        216   _printf_fp_dec.o
       764          8         38          0          0        100   _printf_fp_hex.o
       128         16          0          0          0         84   _printf_fp_infnan.o
         6          0          0          0          0          0   _printf_g.o
        88          4         40          0          0         88   _printf_hex_int.o
         6          0          0          0          0          0   _printf_i.o
       178          0          0          0          0         88   _printf_intcommon.o
        10          0          0          0          0          0   _printf_l.o
         6          0          0          0          0          0   _printf_lc.o
         6          0          0          0          0          0   _printf_o.o
        84         10          0          0          0         88   _printf_oct_int.o
        78          0          0          0          0        108   _printf_pad.o
         0          0          0          0          0          0   _printf_percent.o
         4          0          0          0          0          0   _printf_percent_end.o
         6          0          0          0          0          0   _printf_s.o
        82          0          0          0          0         80   _printf_str.o
        36          0          0          0          0         84   _printf_truncate.o
         6          0          0          0          0          0   _printf_u.o
        44          0          0          0          0        108   _printf_wchar.o
       188          6          8          0          0         92   _printf_wctomb.o
         6          0          0          0          0          0   _printf_x.o
        16          0          0          0          0         68   _snputc.o
        10          0          0          0          0         68   _sputc.o
        64          0          0          0          0         92   _wcrtomb.o
       220          4        148          0          0         96   bigflt0.o
      1910        128          0          0          0        672   btod.o
        18          0          0          0          0         80   exit.o
         8          0          0          0          0         68   ferror.o
         6          0          0          0          0        152   heapauxi.o
        44         10        272          0          0         76   lc_ctype_c.o
        44         10         28          0          0         76   lc_numeric_c.o
         2          0          0          0          0          0   libinit.o
        30          0          0          0          0          0   libinit2.o
         2          0          0          0          0          0   libshutdown.o
         2          0          0          0          0          0   libshutdown2.o
         8          4          0          0         96         68   libspace.o
       138          0          0          0          0         80   lludiv10.o
       238          0          0          0          0        100   lludivv7m.o
        24          4          0          0          0         84   noretval__2printf.o
        52          4          0          0          0         84   noretval__2snprintf.o
        16          4          0          0          0         76   rt_ctype_table.o
         8          4          0          0          0         68   rt_locale_intlibspace.o
        78          0          0          0          0         80   rt_memclr_w.o
       100          0          0          0          0         80   rt_memcpy_w.o
         2          0          0          0          0          0   rtexit.o
        10          0          0          0          0          0   rtexit2.o
        24          0          0          0          0         68   strcat.o
       128          0          0          0          0         68   strcmpv7m.o
        74          0          0          0          0         80   sys_stackheap_outer.o
         2          0          0          0          0         68   use_no_semi.o
         2          0          0          0          0         68   use_no_semi_2.o
        12          0          0          0          0         68   dretinf.o
        86          4          0          0          0         84   f2d.o
       140          4          0          0          0         84   fnaninf.o
         4          0          0          0          0         68   printf1.o
         4          0          0          0          0         68   printf2.o
         0          0          0          0          0          0   usenofp.o
        40          0          0          0          0         68   fpclassify.o

    ----------------------------------------------------------------------
      7166        262        552          0         96       4700   Library Totals
         8          0          1          0          0          0   (incl. Padding)

    ----------------------------------------------------------------------

      Code (inc. data)   RO Data    RW Data    ZI Data      Debug   Library Name

      6872        254        551          0         96       4260   c_w.l
       246          8          0          0          0        372   fz_ws.l
        40          0          0          0          0         68   m_ws.l

    ----------------------------------------------------------------------
      7166        262        552          0         96       4700   Library Totals

    ----------------------------------------------------------------------

==============================================================================


      Code (inc. data)   RO Data    RW Data    ZI Data      Debug   

     13338        714        910         56       2360     444273   Grand Totals
     13338        714        910         56       2360     444273   ELF Image Totals
     13338        714        910         56          0          0   ROM Totals

==============================================================================

    Total RO  Size (Code + RO Data)                14248 (  13.91kB)
    Total RW  Size (RW Data + ZI Data)              2416 (   2.36kB)
    Total ROM Size (Code + RO Data + RW Data)      14304 (  13.97kB)

==============================================================================

