Archive member included to satisfy reference by file (symbol)

c:/Users/Administrator/Documents/MyCode/0324/my_ch582m/SRC/StdPeriphDriver\libISP592.a(ISP583.o)
                              ./StdPeriphDriver/CH59x_flash.o (FLASH_EEPROM_CMD)
c:/mounriver/mounriver_studio2/resources/app/resources/win32/components/wch/toolchain/risc-v embedded gcc/bin/../lib/gcc/riscv-none-embed/8.2.0/rv32imac/ilp32\libgcc.a(_divdi3.o)
                              ./StdPeriphDriver/CH59x_clk.o (__divdi3)
c:/mounriver/mounriver_studio2/resources/app/resources/win32/components/wch/toolchain/risc-v embedded gcc/bin/../lib/gcc/riscv-none-embed/8.2.0/rv32imac/ilp32\libgcc.a(extendsfdf2.o)
                              ./Code/my_tool.o (__extendsfdf2)
c:/mounriver/mounriver_studio2/resources/app/resources/win32/components/wch/toolchain/risc-v embedded gcc/bin/../lib/gcc/riscv-none-embed/8.2.0/rv32imac/ilp32\libgcc.a(_clz.o)
                              c:/mounriver/mounriver_studio2/resources/app/resources/win32/components/wch/toolchain/risc-v embedded gcc/bin/../lib/gcc/riscv-none-embed/8.2.0/rv32imac/ilp32\libgcc.a(_divdi3.o) (__clz_tab)
c:/mounriver/mounriver_studio2/resources/app/resources/win32/components/wch/toolchain/risc-v embedded gcc/bin/../lib/gcc/riscv-none-embed/8.2.0/rv32imac/ilp32\libgcc.a(_clzsi2.o)
                              c:/mounriver/mounriver_studio2/resources/app/resources/win32/components/wch/toolchain/risc-v embedded gcc/bin/../lib/gcc/riscv-none-embed/8.2.0/rv32imac/ilp32\libgcc.a(extendsfdf2.o) (__clzsi2)
c:/mounriver/mounriver_studio2/resources/app/resources/win32/components/wch/toolchain/risc-v embedded gcc/bin/../lib/gcc/riscv-none-embed/8.2.0/../../../../riscv-none-embed/lib/rv32imac/ilp32\libg_nano.a(lib_a-memcpy.o)
                              ./Code/my_interface.o (memcpy)
c:/mounriver/mounriver_studio2/resources/app/resources/win32/components/wch/toolchain/risc-v embedded gcc/bin/../lib/gcc/riscv-none-embed/8.2.0/../../../../riscv-none-embed/lib/rv32imac/ilp32\libg_nano.a(lib_a-memset.o)
                              ./Code/my_tool.o (memset)
c:/mounriver/mounriver_studio2/resources/app/resources/win32/components/wch/toolchain/risc-v embedded gcc/bin/../lib/gcc/riscv-none-embed/8.2.0/../../../../riscv-none-embed/lib/rv32imac/ilp32\libg_nano.a(lib_a-printf.o)
                              ./Code/my_module.o (printf)
c:/mounriver/mounriver_studio2/resources/app/resources/win32/components/wch/toolchain/risc-v embedded gcc/bin/../lib/gcc/riscv-none-embed/8.2.0/../../../../riscv-none-embed/lib/rv32imac/ilp32\libg_nano.a(lib_a-snprintf.o)
                              ./Code/my_tool.o (snprintf)
c:/mounriver/mounriver_studio2/resources/app/resources/win32/components/wch/toolchain/risc-v embedded gcc/bin/../lib/gcc/riscv-none-embed/8.2.0/../../../../riscv-none-embed/lib/rv32imac/ilp32\libg_nano.a(lib_a-strcat.o)
                              ./Code/my_tool.o (strcat)
c:/mounriver/mounriver_studio2/resources/app/resources/win32/components/wch/toolchain/risc-v embedded gcc/bin/../lib/gcc/riscv-none-embed/8.2.0/../../../../riscv-none-embed/lib/rv32imac/ilp32\libg_nano.a(lib_a-strcmp.o)
                              ./Code/my_tool.o (strcmp)
c:/mounriver/mounriver_studio2/resources/app/resources/win32/components/wch/toolchain/risc-v embedded gcc/bin/../lib/gcc/riscv-none-embed/8.2.0/../../../../riscv-none-embed/lib/rv32imac/ilp32\libg_nano.a(lib_a-vsnprintf.o)
                              ./Code/my_tool.o (vsnprintf)
c:/mounriver/mounriver_studio2/resources/app/resources/win32/components/wch/toolchain/risc-v embedded gcc/bin/../lib/gcc/riscv-none-embed/8.2.0/../../../../riscv-none-embed/lib/rv32imac/ilp32\libg_nano.a(lib_a-findfp.o)
                              c:/mounriver/mounriver_studio2/resources/app/resources/win32/components/wch/toolchain/risc-v embedded gcc/bin/../lib/gcc/riscv-none-embed/8.2.0/../../../../riscv-none-embed/lib/rv32imac/ilp32\libg_nano.a(lib_a-printf.o) (__sinit)
c:/mounriver/mounriver_studio2/resources/app/resources/win32/components/wch/toolchain/risc-v embedded gcc/bin/../lib/gcc/riscv-none-embed/8.2.0/../../../../riscv-none-embed/lib/rv32imac/ilp32\libg_nano.a(lib_a-fwalk.o)
                              c:/mounriver/mounriver_studio2/resources/app/resources/win32/components/wch/toolchain/risc-v embedded gcc/bin/../lib/gcc/riscv-none-embed/8.2.0/../../../../riscv-none-embed/lib/rv32imac/ilp32\libg_nano.a(lib_a-findfp.o) (_fwalk)
c:/mounriver/mounriver_studio2/resources/app/resources/win32/components/wch/toolchain/risc-v embedded gcc/bin/../lib/gcc/riscv-none-embed/8.2.0/../../../../riscv-none-embed/lib/rv32imac/ilp32\libg_nano.a(lib_a-impure.o)
                              c:/mounriver/mounriver_studio2/resources/app/resources/win32/components/wch/toolchain/risc-v embedded gcc/bin/../lib/gcc/riscv-none-embed/8.2.0/../../../../riscv-none-embed/lib/rv32imac/ilp32\libg_nano.a(lib_a-findfp.o) (_global_impure_ptr)
[...]
Memory Configuration

Name             Origin             Length             Attributes
FLASH            0x0000000000000000 0x0000000000070000 xr
RAM              0x0000000020000000 0x0000000000006800 xrw
*default*        0x0000000000000000 0xffffffffffffffff

Linker script and memory map

LOAD ./src/Main.o
LOAD ./StdPeriphDriver/CH59x_clk.o
LOAD ./StdPeriphDriver/CH59x_flash.o
LOAD ./StdPeriphDriver/CH59x_gpio.o
LOAD ./StdPeriphDriver/CH59x_i2c.o
LOAD ./StdPeriphDriver/CH59x_lcd.o
LOAD ./StdPeriphDriver/CH59x_pwr.o
LOAD ./StdPeriphDriver/CH59x_sys.o
LOAD ./StdPeriphDriver/CH59x_uart0.o
LOAD ./StdPeriphDriver/CH59x_uart1.o
LOAD ./Startup/startup_CH592.o
LOAD ./RVMSIS/core_riscv.o
LOAD ./Code/code.o
LOAD ./Code/my_interface.o
LOAD ./Code/my_module.o
LOAD ./Code/my_tool.o
LOAD c:/Users/Administrator/Documents/MyCode/0324/my_ch582m/SRC/StdPeriphDriver\libISP592.a
LOAD c:/mounriver/mounriver_studio2/resources/app/resources/win32/components/wch/toolchain/risc-v embedded gcc/bin/../lib/gcc/riscv-none-embed/8.2.0/rv32imac/ilp32\libgcc.a
LOAD c:/mounriver/mounriver_studio2/resources/app/resources/win32/components/wch/toolchain/risc-v embedded gcc/bin/../lib/gcc/riscv-none-embed/8.2.0/../../../../riscv-none-embed/lib/rv32imac/ilp32\libg_nano.a
LOAD c:/mounriver/mounriver_studio2/resources/app/resources/win32/components/wch/toolchain/risc-v embedded gcc/bin/../lib/gcc/riscv-none-embed/8.2.0/../../../../riscv-none-embed/lib/rv32imac/ilp32\libc_nano.a
LOAD c:/mounriver/mounriver_studio2/resources/app/resources/win32/components/wch/toolchain/risc-v embedded gcc/bin/../lib/gcc/riscv-none-embed/8.2.0/rv32imac/ilp32\libgcc.a
START GROUP
LOAD c:/mounriver/mounriver_studio2/resources/app/resources/win32/components/wch/toolchain/risc-v embedded gcc/bin/../lib/gcc/riscv-none-embed/8.2.0/rv32imac/ilp32\libgcc.a
LOAD c:/mounriver/mounriver_studio2/resources/app/resources/win32/components/wch/toolchain/risc-v embedded gcc/bin/../lib/gcc/riscv-none-embed/8.2.0/../../../../riscv-none-embed/lib/rv32imac/ilp32\libc_nano.a
LOAD c:/mounriver/mounriver_studio2/resources/app/resources/win32/components/wch/toolchain/risc-v embedded gcc/bin/../lib/gcc/riscv-none-embed/8.2.0/../../../../riscv-none-embed/lib/rv32imac/ilp32\libnosys.a
END GROUP
START GROUP
LOAD c:/mounriver/mounriver_studio2/resources/app/resources/win32/components/wch/toolchain/risc-v embedded gcc/bin/../lib/gcc/riscv-none-embed/8.2.0/rv32imac/ilp32\libgcc.a
LOAD c:/mounriver/mounriver_studio2/resources/app/resources/win32/components/wch/toolchain/risc-v embedded gcc/bin/../lib/gcc/riscv-none-embed/8.2.0/../../../../riscv-none-embed/lib/rv32imac/ilp32\libc_nano.a
LOAD c:/mounriver/mounriver_studio2/resources/app/resources/win32/components/wch/toolchain/risc-v embedded gcc/bin/../lib/gcc/riscv-none-embed/8.2.0/../../../../riscv-none-embed/lib/rv32imac/ilp32\libnosys.a
END GROUP
                0x0000000000000200                __stack_size = 0x200
                [!provide]                        PROVIDE (_stack_size = __stack_size)

.init           0x0000000000000000        0x4
                0x0000000000000000                _sinit = .
                0x0000000000000000                . = ALIGN (0x4)
 *(SORT_NONE(.init))
 .init          0x0000000000000000        0x4 ./Startup/startup_CH592.o
                0x0000000000000000                _start
                0x0000000000000004                . = ALIGN (0x4)
                0x0000000000000004                _einit = .

.highcodelalign
                0x0000000000000004        0x0
                0x0000000000000004                . = ALIGN (0x4)
                0x0000000000000004                PROVIDE (_highcode_lma = .)

.highcode       0x0000000020000000      0xc30 load address 0x0000000000000004
                0x0000000020000000                . = ALIGN (0x4)
                0x0000000020000000                PROVIDE (_highcode_vma_start = .)
 *(.vector)
 .vector        0x0000000020000000       0x90 ./Startup/startup_CH592.o
 *(SORT_NONE(.vector_handler))
 .vector_handler
                0x0000000020000090        0x2 ./Startup/startup_CH592.o
                0x0000000020000090                GPIOB_IRQHandler
                0x0000000020000090                GPIOA_IRQHandler
                0x0000000020000090                SysTick_Handler
                0x0000000020000090                NMI_Handler
                0x0000000020000090                UART0_IRQHandler
                0x0000000020000090                BB_IRQHandler
                0x0000000020000090                Break_Point_Handler
                0x0000000020000090                TMR0_IRQHandler
                0x0000000020000090                Ecall_M_Mode_Handler
                0x0000000020000090                RTC_IRQHandler
                0x0000000020000090                UART2_IRQHandler
                0x0000000020000090                PWMX_IRQHandler
                0x0000000020000090                ADC_IRQHandler
                0x0000000020000090                TMR2_IRQHandler
                0x0000000020000090                USB_IRQHandler
                0x0000000020000090                LLE_IRQHandler
                0x0000000020000090                WDOG_BAT_IRQHandler
                0x0000000020000090                Ecall_U_Mode_Handler
                0x0000000020000090                TMR3_IRQHandler
                0x0000000020000090                SW_Handler
                0x0000000020000090                SPI0_IRQHandler
                0x0000000020000090                UART3_IRQHandler
                0x0000000020000090                TMR1_IRQHandler
 *(.highcode)
 .highcode      0x0000000020000092      0x2b0 ./StdPeriphDriver/CH59x_sys.o
                0x0000000020000092                SetSysClock
                0x0000000020000234                SYS_ResetExecute
                0x000000002000028c                HardFault_Handler
                0x000000002000030c                mDelayuS
                0x000000002000031a                mDelaymS
 .highcode      0x0000000020000342      0x4c6 ./Code/my_interface.o
                0x0000000020000342                UART1_IRQHandler
                0x00000000200003d8                I2C_IRQHandler
 .highcode      0x0000000020000808      0x426 c:/Users/Administrator/Documents/MyCode/0324/my_ch582m/SRC/StdPeriphDriver\libISP592.a(ISP583.o)
                0x0000000020000808                FLASH_ROM_BEG
                0x000000002000081a                FLASH_ROM_END
                0x0000000020000828                FLASH_ROM_IN
                0x0000000020000836                FLASH_ROM_OUT
                0x0000000020000844                FLASH_ROM_ADDR
                0x000000002000088c                FLASH_ROM_WAIT
                0x00000000200008c4                FLASH_EEPROM_CMD
 *(.highcode.*)
                0x0000000020000c30                . = ALIGN (0x4)
 *fill*         0x0000000020000c2e        0x2 
                0x0000000020000c30                PROVIDE (_highcode_vma_end = .)

.text           0x0000000000000c34     0x24c4
                0x0000000000000c34                . = ALIGN (0x4)
 *(SORT_NONE(.handle_reset))
 .handle_reset  0x0000000000000c34       0xaa ./Startup/startup_CH592.o
                0x0000000000000c34                handle_reset
 *(.text)
 .text          0x0000000000000cde       0xa8 c:/mounriver/mounriver_studio2/resources/app/resources/win32/components/wch/toolchain/risc-v embedded gcc/bin/../lib/gcc/riscv-none-embed/8.2.0/../../../../riscv-none-embed/lib/rv32imac/ilp32\libg_nano.a(lib_a-memset.o)
                0x0000000000000cde                memset
 .text          0x0000000000000d86      0x11e c:/mounriver/mounriver_studio2/resources/app/resources/win32/components/wch/toolchain/risc-v embedded gcc/bin/../lib/gcc/riscv-none-embed/8.2.0/../../../../riscv-none-embed/lib/rv32imac/ilp32\libg_nano.a(lib_a-strcmp.o)
                0x0000000000000d86                strcmp
 *(.text.*)
 .text.startup.main
                0x0000000000000ea4        0x8 ./src/Main.o
                0x0000000000000ea4                main
 .text.GPIOA_ModeCfg
                0x0000000000000eac       0xa6 ./StdPeriphDriver/CH59x_gpio.o
                0x0000000000000eac                GPIOA_ModeCfg
 .text.GPIOB_ModeCfg
                0x0000000000000f52       0xa6 ./StdPeriphDriver/CH59x_gpio.o
                0x0000000000000f52                GPIOB_ModeCfg
 .text.I2C_GenerateSTART
                0x0000000000000ff8       0x22 ./StdPeriphDriver/CH59x_i2c.o
                0x0000000000000ff8                I2C_GenerateSTART
 .text.I2C_GenerateSTOP
                0x000000000000101a       0x22 ./StdPeriphDriver/CH59x_i2c.o
                0x000000000000101a                I2C_GenerateSTOP
 .text.I2C_AcknowledgeConfig
                0x000000000000103c       0x22 ./StdPeriphDriver/CH59x_i2c.o
                0x000000000000103c                I2C_AcknowledgeConfig
 .text.I2C_ITConfig
                0x000000000000105e       0x1e ./StdPeriphDriver/CH59x_i2c.o
                0x000000000000105e                I2C_ITConfig
 .text.I2C_SendData
                0x000000000000107c        0xa ./StdPeriphDriver/CH59x_i2c.o
                0x000000000000107c                I2C_SendData
 .text.I2C_ReceiveData
                0x0000000000001086        0xe ./StdPeriphDriver/CH59x_i2c.o
                0x0000000000001086                I2C_ReceiveData
 .text.I2C_SoftwareResetCmd
                0x0000000000001094       0x1a ./StdPeriphDriver/CH59x_i2c.o
                0x0000000000001094                I2C_SoftwareResetCmd
 .text.I2C_Init
                0x00000000000010ae      0x156 ./StdPeriphDriver/CH59x_i2c.o
                0x00000000000010ae                I2C_Init
 .text.I2C_GetLastEvent
                0x0000000000001204       0x16 ./StdPeriphDriver/CH59x_i2c.o
                0x0000000000001204                I2C_GetLastEvent
 .text.I2C_ClearFlag
                0x000000000000121a       0x12 ./StdPeriphDriver/CH59x_i2c.o
                0x000000000000121a                I2C_ClearFlag
 .text.GetSysClock
                0x000000000000122c       0x40 ./StdPeriphDriver/CH59x_sys.o
                0x000000000000122c                GetSysClock
 .text._write   0x000000000000126c       0x28 ./StdPeriphDriver/CH59x_sys.o
                0x000000000000126c                _write
 .text._sbrk    0x0000000000001294       0x30 ./StdPeriphDriver/CH59x_sys.o
                0x0000000000001294                _sbrk
 .text.UART1_BaudRateCfg
                0x00000000000012c4       0x30 ./StdPeriphDriver/CH59x_uart1.o
                0x00000000000012c4                UART1_BaudRateCfg
 .text.UART1_DefInit
                0x00000000000012f4       0x32 ./StdPeriphDriver/CH59x_uart1.o
                0x00000000000012f4                UART1_DefInit
 .text.UART1_ByteTrigCfg
                0x0000000000001326       0x1a ./StdPeriphDriver/CH59x_uart1.o
                0x0000000000001326                UART1_ByteTrigCfg
 .text.UART1_INTCfg
                0x0000000000001340       0x2a ./StdPeriphDriver/CH59x_uart1.o
                0x0000000000001340                UART1_INTCfg
 .text.UART1_SendString
                0x000000000000136a       0x28 ./StdPeriphDriver/CH59x_uart1.o
                0x000000000000136a                UART1_SendString
 .text.UART1_RecvString
                0x0000000000001392       0x2a ./StdPeriphDriver/CH59x_uart1.o
                0x0000000000001392                UART1_RecvString
 .text.CODE_INIT
                0x00000000000013bc       0x1a ./Code/code.o
                0x00000000000013bc                CODE_INIT
 .text.CODE_MAIN
                0x00000000000013d6        0xa ./Code/code.o
                0x00000000000013d6                CODE_MAIN
 .text.USART_APP_Init
                0x00000000000013e0       0x48 ./Code/my_interface.o
                0x00000000000013e0                USART_APP_Init
 .text.i2c_app_init
                0x0000000000001428       0x5a ./Code/my_interface.o
                0x0000000000001428                i2c_app_init
 .text.i2c_read_from
                0x0000000000001482      0x100 ./Code/my_interface.o
                0x0000000000001482                i2c_read_from
 .text.I2C_Read_QMC5883
                0x0000000000001582       0x22 ./Code/my_module.o
                0x0000000000001582                I2C_Read_QMC5883
 .text.QMC5883_Read_Mag
                0x00000000000015a4       0x82 ./Code/my_module.o
                0x00000000000015a4                QMC5883_Read_Mag
 .text.my_qmc5883_self_test
                0x0000000000001626       0x3c ./Code/my_module.o
                0x0000000000001626                my_qmc5883_self_test
 .text.muti_printf_arrays
                0x0000000000001662       0xdc ./Code/my_tool.o
                0x0000000000001662                muti_printf_arrays
 .text.__extendsfdf2
                0x000000000000173e       0xac c:/mounriver/mounriver_studio2/resources/app/resources/win32/components/wch/toolchain/risc-v embedded gcc/bin/../lib/gcc/riscv-none-embed/8.2.0/rv32imac/ilp32\libgcc.a(extendsfdf2.o)
                0x000000000000173e                __extendsfdf2
 .text.__clzsi2
                0x00000000000017ea       0x76 c:/mounriver/mounriver_studio2/resources/app/resources/win32/components/wch/toolchain/risc-v embedded gcc/bin/../lib/gcc/riscv-none-embed/8.2.0/rv32imac/ilp32\libgcc.a(_clzsi2.o)
                0x00000000000017ea                __clzsi2
 .text.memcpy   0x0000000000001860       0xb6 c:/mounriver/mounriver_studio2/resources/app/resources/win32/components/wch/toolchain/risc-v embedded gcc/bin/../lib/gcc/riscv-none-embed/8.2.0/../../../../riscv-none-embed/lib/rv32imac/ilp32\libg_nano.a(lib_a-memcpy.o)
                0x0000000000001860                memcpy
 .text.printf   0x0000000000001916       0x44 c:/mounriver/mounriver_studio2/resources/app/resources/win32/components/wch/toolchain/risc-v embedded gcc/bin/../lib/gcc/riscv-none-embed/8.2.0/../../../../riscv-none-embed/lib/rv32imac/ilp32\libg_nano.a(lib_a-printf.o)
                0x0000000000001916                iprintf
                0x0000000000001916                printf
 .text.snprintf
                0x000000000000195a       0x72 c:/mounriver/mounriver_studio2/resources/app/resources/win32/components/wch/toolchain/risc-v embedded gcc/bin/../lib/gcc/riscv-none-embed/8.2.0/../../../../riscv-none-embed/lib/rv32imac/ilp32\libg_nano.a(lib_a-snprintf.o)
                0x000000000000195a                sniprintf
                0x000000000000195a                snprintf
 .text.strcat   0x00000000000019cc       0x20 c:/mounriver/mounriver_studio2/resources/app/resources/win32/components/wch/toolchain/risc-v embedded gcc/bin/../lib/gcc/riscv-none-embed/8.2.0/../../../../riscv-none-embed/lib/rv32imac/ilp32\libg_nano.a(lib_a-strcat.o)
                0x00000000000019cc                strcat
 .text.std      0x00000000000019ec       0x6a c:/mounriver/mounriver_studio2/resources/app/resources/win32/components/wch/toolchain/risc-v embedded gcc/bin/../lib/gcc/riscv-none-embed/8.2.0/../../../../riscv-none-embed/lib/rv32imac/ilp32\libg_nano.a(lib_a-findfp.o)
 .text._cleanup_r
                0x0000000000001a56        0xa c:/mounriver/mounriver_studio2/resources/app/resources/win32/components/wch/toolchain/risc-v embedded gcc/bin/../lib/gcc/riscv-none-embed/8.2.0/../../../../riscv-none-embed/lib/rv32imac/ilp32\libg_nano.a(lib_a-findfp.o)
                0x0000000000001a56                _cleanup_r
 .text.__sfmoreglue
                0x0000000000001a60       0x46 c:/mounriver/mounriver_studio2/resources/app/resources/win32/components/wch/toolchain/risc-v embedded gcc/bin/../lib/gcc/riscv-none-embed/8.2.0/../../../../riscv-none-embed/lib/rv32imac/ilp32\libg_nano.a(lib_a-findfp.o)
                0x0000000000001a60                __sfmoreglue
 .text.__sinit  0x0000000000001aa6       0x6a c:/mounriver/mounriver_studio2/resources/app/resources/win32/components/wch/toolchain/risc-v embedded gcc/bin/../lib/gcc/riscv-none-embed/8.2.0/../../../../riscv-none-embed/lib/rv32imac/ilp32\libg_nano.a(lib_a-findfp.o)
                0x0000000000001aa6                __sinit
 .text.__sfp    0x0000000000001b10       0xa0 c:/mounriver/mounriver_studio2/resources/app/resources/win32/components/wch/toolchain/risc-v embedded gcc/bin/../lib/gcc/riscv-none-embed/8.2.0/../../../../riscv-none-embed/lib/rv32imac/ilp32\libg_nano.a(lib_a-findfp.o)
                0x0000000000001b10                __sfp
 .text._fwalk_reent
                0x0000000000001bb0       0x6c c:/mounriver/mounriver_studio2/resources/app/resources/win32/components/wch/toolchain/risc-v embedded gcc/bin/../lib/gcc/riscv-none-embed/8.2.0/../../../../riscv-none-embed/lib/rv32imac/ilp32\libg_nano.a(lib_a-fwalk.o)
                0x0000000000001bb0                _fwalk_reent
 .text._malloc_r
                0x0000000000001c1c       0xda c:/mounriver/mounriver_studio2/resources/app/resources/win32/components/wch/toolchain/risc-v embedded gcc/bin/../lib/gcc/riscv-none-embed/8.2.0/../../../../riscv-none-embed/lib/rv32imac/ilp32\libg_nano.a(lib_a-nano-mallocr.o)
                0x0000000000001c1c                _malloc_r
 .text.__ssputs_r
                0x0000000000001cf6       0xea c:/mounriver/mounriver_studio2/resources/app/resources/win32/components/wch/toolchain/risc-v embedded gcc/bin/../lib/gcc/riscv-none-embed/8.2.0/../../../../riscv-none-embed/lib/rv32imac/ilp32\libg_nano.a(lib_a-nano-svfprintf.o)
                0x0000000000001cf6                __ssputs_r
 .text._svfprintf_r
                0x0000000000001de0      0x27c c:/mounriver/mounriver_studio2/resources/app/resources/win32/components/wch/toolchain/risc-v embedded gcc/bin/../lib/gcc/riscv-none-embed/8.2.0/../../../../riscv-none-embed/lib/rv32imac/ilp32\libg_nano.a(lib_a-nano-svfprintf.o)
                0x0000000000001de0                _svfiprintf_r
                0x0000000000001de0                _svfprintf_r
 .text.__sfputc_r
                0x000000000000205c       0x28 c:/mounriver/mounriver_studio2/resources/app/resources/win32/components/wch/toolchain/risc-v embedded gcc/bin/../lib/gcc/riscv-none-embed/8.2.0/../../../../riscv-none-embed/lib/rv32imac/ilp32\libg_nano.a(lib_a-nano-vfprintf.o)
 .text.__sfputs_r
                0x0000000000002084       0x42 c:/mounriver/mounriver_studio2/resources/app/resources/win32/components/wch/toolchain/risc-v embedded gcc/bin/../lib/gcc/riscv-none-embed/8.2.0/../../../../riscv-none-embed/lib/rv32imac/ilp32\libg_nano.a(lib_a-nano-vfprintf.o)
                0x0000000000002084                __sfputs_r
 .text._vfprintf_r
                0x00000000000020c6      0x29e c:/mounriver/mounriver_studio2/resources/app/resources/win32/components/wch/toolchain/risc-v embedded gcc/bin/../lib/gcc/riscv-none-embed/8.2.0/../../../../riscv-none-embed/lib/rv32imac/ilp32\libg_nano.a(lib_a-nano-vfprintf.o)
                0x00000000000020c6                _vfprintf_r
                0x00000000000020c6                _vfiprintf_r
 .text._printf_common
                0x0000000000002364      0x10c c:/mounriver/mounriver_studio2/resources/app/resources/win32/components/wch/toolchain/risc-v embedded gcc/bin/../lib/gcc/riscv-none-embed/8.2.0/../../../../riscv-none-embed/lib/rv32imac/ilp32\libg_nano.a(lib_a-nano-vfprintf_i.o)
                0x0000000000002364                _printf_common
 .text._printf_i
                0x0000000000002470      0x2aa c:/mounriver/mounriver_studio2/resources/app/resources/win32/components/wch/toolchain/risc-v embedded gcc/bin/../lib/gcc/riscv-none-embed/8.2.0/../../../../riscv-none-embed/lib/rv32imac/ilp32\libg_nano.a(lib_a-nano-vfprintf_i.o)
                0x0000000000002470                _printf_i
 .text._sbrk_r  0x000000000000271a       0x2a c:/mounriver/mounriver_studio2/resources/app/resources/win32/components/wch/toolchain/risc-v embedded gcc/bin/../lib/gcc/riscv-none-embed/8.2.0/../../../../riscv-none-embed/lib/rv32imac/ilp32\libg_nano.a(lib_a-sbrkr.o)
                0x000000000000271a                _sbrk_r
 .text.__sread  0x0000000000002744       0x30 c:/mounriver/mounriver_studio2/resources/app/resources/win32/components/wch/toolchain/risc-v embedded gcc/bin/../lib/gcc/riscv-none-embed/8.2.0/../../../../riscv-none-embed/lib/rv32imac/ilp32\libg_nano.a(lib_a-stdio.o)
                0x0000000000002744                __sread
 .text.__swrite
                0x0000000000002774       0x4e c:/mounriver/mounriver_studio2/resources/app/resources/win32/components/wch/toolchain/risc-v embedded gcc/bin/../lib/gcc/riscv-none-embed/8.2.0/../../../../riscv-none-embed/lib/rv32imac/ilp32\libg_nano.a(lib_a-stdio.o)
                0x0000000000002774                __swrite
 .text.__sseek  0x00000000000027c2       0x36 c:/mounriver/mounriver_studio2/resources/app/resources/win32/components/wch/toolchain/risc-v embedded gcc/bin/../lib/gcc/riscv-none-embed/8.2.0/../../../../riscv-none-embed/lib/rv32imac/ilp32\libg_nano.a(lib_a-stdio.o)
                0x00000000000027c2                __sseek
 .text.__sclose
                0x00000000000027f8        0x6 c:/mounriver/mounriver_studio2/resources/app/resources/win32/components/wch/toolchain/risc-v embedded gcc/bin/../lib/gcc/riscv-none-embed/8.2.0/../../../../riscv-none-embed/lib/rv32imac/ilp32\libg_nano.a(lib_a-stdio.o)
                0x00000000000027f8                __sclose
 .text.__swbuf_r
                0x00000000000027fe       0xc2 c:/mounriver/mounriver_studio2/resources/app/resources/win32/components/wch/toolchain/risc-v embedded gcc/bin/../lib/gcc/riscv-none-embed/8.2.0/../../../../riscv-none-embed/lib/rv32imac/ilp32\libg_nano.a(lib_a-wbuf.o)
                0x00000000000027fe                __swbuf_r
 .text._write_r
                0x00000000000028c0       0x2e c:/mounriver/mounriver_studio2/resources/app/resources/win32/components/wch/toolchain/risc-v embedded gcc/bin/../lib/gcc/riscv-none-embed/8.2.0/../../../../riscv-none-embed/lib/rv32imac/ilp32\libg_nano.a(lib_a-writer.o)
                0x00000000000028c0                _write_r
 .text.__swsetup_r
                0x00000000000028ee      0x112 c:/mounriver/mounriver_studio2/resources/app/resources/win32/components/wch/toolchain/risc-v embedded gcc/bin/../lib/gcc/riscv-none-embed/8.2.0/../../../../riscv-none-embed/lib/rv32imac/ilp32\libg_nano.a(lib_a-wsetup.o)
                0x00000000000028ee                __swsetup_r
 .text._close_r
                0x0000000000002a00       0x28 c:/mounriver/mounriver_studio2/resources/app/resources/win32/components/wch/toolchain/risc-v embedded gcc/bin/../lib/gcc/riscv-none-embed/8.2.0/../../../../riscv-none-embed/lib/rv32imac/ilp32\libg_nano.a(lib_a-closer.o)
                0x0000000000002a00                _close_r
 .text.__sflush_r
                0x0000000000002a28      0x13c c:/mounriver/mounriver_studio2/resources/app/resources/win32/components/wch/toolchain/risc-v embedded gcc/bin/../lib/gcc/riscv-none-embed/8.2.0/../../../../riscv-none-embed/lib/rv32imac/ilp32\libg_nano.a(lib_a-fflush.o)
                0x0000000000002a28                __sflush_r
 .text._fflush_r
                0x0000000000002b64       0x66 c:/mounriver/mounriver_studio2/resources/app/resources/win32/components/wch/toolchain/risc-v embedded gcc/bin/../lib/gcc/riscv-none-embed/8.2.0/../../../../riscv-none-embed/lib/rv32imac/ilp32\libg_nano.a(lib_a-fflush.o)
                0x0000000000002b64                _fflush_r
 .text._lseek_r
                0x0000000000002bca       0x2c c:/mounriver/mounriver_studio2/resources/app/resources/win32/components/wch/toolchain/risc-v embedded gcc/bin/../lib/gcc/riscv-none-embed/8.2.0/../../../../riscv-none-embed/lib/rv32imac/ilp32\libg_nano.a(lib_a-lseekr.o)
                0x0000000000002bca                _lseek_r
 .text.__swhatbuf_r
                0x0000000000002bf6       0x58 c:/mounriver/mounriver_studio2/resources/app/resources/win32/components/wch/toolchain/risc-v embedded gcc/bin/../lib/gcc/riscv-none-embed/8.2.0/../../../../riscv-none-embed/lib/rv32imac/ilp32\libg_nano.a(lib_a-makebuf.o)
                0x0000000000002bf6                __swhatbuf_r
 .text.__smakebuf_r
                0x0000000000002c4e       0x9e c:/mounriver/mounriver_studio2/resources/app/resources/win32/components/wch/toolchain/risc-v embedded gcc/bin/../lib/gcc/riscv-none-embed/8.2.0/../../../../riscv-none-embed/lib/rv32imac/ilp32\libg_nano.a(lib_a-makebuf.o)
                0x0000000000002c4e                __smakebuf_r
 .text.memchr   0x0000000000002cec       0x1a c:/mounriver/mounriver_studio2/resources/app/resources/win32/components/wch/toolchain/risc-v embedded gcc/bin/../lib/gcc/riscv-none-embed/8.2.0/../../../../riscv-none-embed/lib/rv32imac/ilp32\libg_nano.a(lib_a-memchr.o)
                0x0000000000002cec                memchr
 .text.memmove  0x0000000000002d06       0x4a c:/mounriver/mounriver_studio2/resources/app/resources/win32/components/wch/toolchain/risc-v embedded gcc/bin/../lib/gcc/riscv-none-embed/8.2.0/../../../../riscv-none-embed/lib/rv32imac/ilp32\libg_nano.a(lib_a-memmove.o)
                0x0000000000002d06                memmove
 .text.__malloc_lock
                0x0000000000002d50        0x2 c:/mounriver/mounriver_studio2/resources/app/resources/win32/components/wch/toolchain/risc-v embedded gcc/bin/../lib/gcc/riscv-none-embed/8.2.0/../../../../riscv-none-embed/lib/rv32imac/ilp32\libg_nano.a(lib_a-mlock.o)
                0x0000000000002d50                __malloc_lock
 .text.__malloc_unlock
                0x0000000000002d52        0x2 c:/mounriver/mounriver_studio2/resources/app/resources/win32/components/wch/toolchain/risc-v embedded gcc/bin/../lib/gcc/riscv-none-embed/8.2.0/../../../../riscv-none-embed/lib/rv32imac/ilp32\libg_nano.a(lib_a-mlock.o)
                0x0000000000002d52                __malloc_unlock
 .text._free_r  0x0000000000002d54       0xa4 c:/mounriver/mounriver_studio2/resources/app/resources/win32/components/wch/toolchain/risc-v embedded gcc/bin/../lib/gcc/riscv-none-embed/8.2.0/../../../../riscv-none-embed/lib/rv32imac/ilp32\libg_nano.a(lib_a-nano-freer.o)
                0x0000000000002d54                _free_r
 .text._realloc_r
                0x0000000000002df8       0x54 c:/mounriver/mounriver_studio2/resources/app/resources/win32/components/wch/toolchain/risc-v embedded gcc/bin/../lib/gcc/riscv-none-embed/8.2.0/../../../../riscv-none-embed/lib/rv32imac/ilp32\libg_nano.a(lib_a-nano-reallocr.o)
                0x0000000000002df8                _realloc_r
 .text._read_r  0x0000000000002e4c       0x2c c:/mounriver/mounriver_studio2/resources/app/resources/win32/components/wch/toolchain/risc-v embedded gcc/bin/../lib/gcc/riscv-none-embed/8.2.0/../../../../riscv-none-embed/lib/rv32imac/ilp32\libg_nano.a(lib_a-readr.o)
                0x0000000000002e4c                _read_r
 .text._fstat_r
                0x0000000000002e78       0x2a c:/mounriver/mounriver_studio2/resources/app/resources/win32/components/wch/toolchain/risc-v embedded gcc/bin/../lib/gcc/riscv-none-embed/8.2.0/../../../../riscv-none-embed/lib/rv32imac/ilp32\libg_nano.a(lib_a-fstatr.o)
                0x0000000000002e78                _fstat_r
 .text._isatty_r
                0x0000000000002ea2       0x28 c:/mounriver/mounriver_studio2/resources/app/resources/win32/components/wch/toolchain/risc-v embedded gcc/bin/../lib/gcc/riscv-none-embed/8.2.0/../../../../riscv-none-embed/lib/rv32imac/ilp32\libg_nano.a(lib_a-isattyr.o)
                0x0000000000002ea2                _isatty_r
 .text._malloc_usable_size_r
                0x0000000000002eca       0x14 c:/mounriver/mounriver_studio2/resources/app/resources/win32/components/wch/toolchain/risc-v embedded gcc/bin/../lib/gcc/riscv-none-embed/8.2.0/../../../../riscv-none-embed/lib/rv32imac/ilp32\libg_nano.a(lib_a-nano-msizer.o)
                0x0000000000002eca                _malloc_usable_size_r
 .text._close   0x0000000000002ede        0xc c:/mounriver/mounriver_studio2/resources/app/resources/win32/components/wch/toolchain/risc-v embedded gcc/bin/../lib/gcc/riscv-none-embed/8.2.0/../../../../riscv-none-embed/lib/rv32imac/ilp32\libnosys.a(close.o)
                0x0000000000002ede                _close
 .text._fstat   0x0000000000002eea        0xc c:/mounriver/mounriver_studio2/resources/app/resources/win32/components/wch/toolchain/risc-v embedded gcc/bin/../lib/gcc/riscv-none-embed/8.2.0/../../../../riscv-none-embed/lib/rv32imac/ilp32\libnosys.a(fstat.o)
                0x0000000000002eea                _fstat
 .text._isatty  0x0000000000002ef6        0xc c:/mounriver/mounriver_studio2/resources/app/resources/win32/components/wch/toolchain/risc-v embedded gcc/bin/../lib/gcc/riscv-none-embed/8.2.0/../../../../riscv-none-embed/lib/rv32imac/ilp32\libnosys.a(isatty.o)
                0x0000000000002ef6                _isatty
 .text._lseek   0x0000000000002f02        0xc c:/mounriver/mounriver_studio2/resources/app/resources/win32/components/wch/toolchain/risc-v embedded gcc/bin/../lib/gcc/riscv-none-embed/8.2.0/../../../../riscv-none-embed/lib/rv32imac/ilp32\libnosys.a(lseek.o)
                0x0000000000002f02                _lseek
 .text._read    0x0000000000002f0e        0xc c:/mounriver/mounriver_studio2/resources/app/resources/win32/components/wch/toolchain/risc-v embedded gcc/bin/../lib/gcc/riscv-none-embed/8.2.0/../../../../riscv-none-embed/lib/rv32imac/ilp32\libnosys.a(read.o)
                0x0000000000002f0e                _read
 *(.rodata)
 *(.rodata*)
 *fill*         0x0000000000002f1a        0x2 
 .rodata.GPIOA_ModeCfg
                0x0000000000002f1c       0x14 ./StdPeriphDriver/CH59x_gpio.o
 .rodata.GPIOB_ModeCfg
                0x0000000000002f30       0x14 ./StdPeriphDriver/CH59x_gpio.o
 .rodata.my_qmc5883_self_test.str1.4
                0x0000000000002f44        0xd ./Code/my_module.o
 *fill*         0x0000000000002f51        0x3 
 .rodata.muti_printf_arrays.str1.4
                0x0000000000002f54        0x3 ./Code/my_tool.o
 *fill*         0x0000000000002f57        0x1 
 .rodata.__clz_tab
                0x0000000000002f58      0x100 c:/mounriver/mounriver_studio2/resources/app/resources/win32/components/wch/toolchain/risc-v embedded gcc/bin/../lib/gcc/riscv-none-embed/8.2.0/rv32imac/ilp32\libgcc.a(_clz.o)
                0x0000000000002f58                __clz_tab
 .rodata.__sf_fake_stderr
                0x0000000000003058       0x20 c:/mounriver/mounriver_studio2/resources/app/resources/win32/components/wch/toolchain/risc-v embedded gcc/bin/../lib/gcc/riscv-none-embed/8.2.0/../../../../riscv-none-embed/lib/rv32imac/ilp32\libg_nano.a(lib_a-findfp.o)
                0x0000000000003058                __sf_fake_stderr
 .rodata.__sf_fake_stdin
                0x0000000000003078       0x20 c:/mounriver/mounriver_studio2/resources/app/resources/win32/components/wch/toolchain/risc-v embedded gcc/bin/../lib/gcc/riscv-none-embed/8.2.0/../../../../riscv-none-embed/lib/rv32imac/ilp32\libg_nano.a(lib_a-findfp.o)
                0x0000000000003078                __sf_fake_stdin
 .rodata.__sf_fake_stdout
                0x0000000000003098       0x20 c:/mounriver/mounriver_studio2/resources/app/resources/win32/components/wch/toolchain/risc-v embedded gcc/bin/../lib/gcc/riscv-none-embed/8.2.0/../../../../riscv-none-embed/lib/rv32imac/ilp32\libg_nano.a(lib_a-findfp.o)
                0x0000000000003098                __sf_fake_stdout
 .rodata._svfprintf_r.str1.4
                0x00000000000030b8       0x13 c:/mounriver/mounriver_studio2/resources/app/resources/win32/components/wch/toolchain/risc-v embedded gcc/bin/../lib/gcc/riscv-none-embed/8.2.0/../../../../riscv-none-embed/lib/rv32imac/ilp32\libg_nano.a(lib_a-nano-svfprintf.o)
 .rodata._vfprintf_r.str1.4
                0x00000000000030cb       0x13 c:/mounriver/mounriver_studio2/resources/app/resources/win32/components/wch/toolchain/risc-v embedded gcc/bin/../lib/gcc/riscv-none-embed/8.2.0/../../../../riscv-none-embed/lib/rv32imac/ilp32\libg_nano.a(lib_a-nano-vfprintf.o)
 *fill*         0x00000000000030cb        0x1 
 .rodata._printf_i.str1.4
                0x00000000000030cc       0x28 c:/mounriver/mounriver_studio2/resources/app/resources/win32/components/wch/toolchain/risc-v embedded gcc/bin/../lib/gcc/riscv-none-embed/8.2.0/../../../../riscv-none-embed/lib/rv32imac/ilp32\libg_nano.a(lib_a-nano-vfprintf_i.o)
                                         0x25 (size before relaxing)
 *(.sdata2.*)
 .sdata2._global_impure_ptr
                0x00000000000030f4        0x4 c:/mounriver/mounriver_studio2/resources/app/resources/win32/components/wch/toolchain/risc-v embedded gcc/bin/../lib/gcc/riscv-none-embed/8.2.0/../../../../riscv-none-embed/lib/rv32imac/ilp32\libg_nano.a(lib_a-impure.o)
                0x00000000000030f4                _global_impure_ptr
 *(.glue_7)
 *(.glue_7t)
 *(.gnu.linkonce.t.*)
                0x00000000000030f8                . = ALIGN (0x4)

.rela.dyn       0x00000000000030f8        0x0
 .rela.text._sbrk
                0x00000000000030f8        0x0 ./src/Main.o
 .rela.sdata.curbrk.3969
                0x00000000000030f8        0x0 ./src/Main.o
 .rela.init     0x00000000000030f8        0x0 ./src/Main.o
 .rela.vector   0x00000000000030f8        0x0 ./src/Main.o
 .rela.handle_reset
                0x00000000000030f8        0x0 ./src/Main.o
 .rela.text._svfprintf_r
                0x00000000000030f8        0x0 ./src/Main.o
 .rela.text._vfprintf_r
                0x00000000000030f8        0x0 ./src/Main.o
 .rela.text._sbrk_r
                0x00000000000030f8        0x0 ./src/Main.o
 .rela.text._write_r
                0x00000000000030f8        0x0 ./src/Main.o
 .rela.text._close_r
                0x00000000000030f8        0x0 ./src/Main.o
 .rela.text._lseek_r
                0x00000000000030f8        0x0 ./src/Main.o
 .rela.text._read_r
                0x00000000000030f8        0x0 ./src/Main.o
 .rela.text._fstat_r
                0x00000000000030f8        0x0 ./src/Main.o
 .rela.text._isatty_r
                0x00000000000030f8        0x0 ./src/Main.o
 .rela.text._close
                0x00000000000030f8        0x0 ./src/Main.o
 .rela.text._fstat
                0x00000000000030f8        0x0 ./src/Main.o
 .rela.text._isatty
                0x00000000000030f8        0x0 ./src/Main.o
 .rela.text._lseek
                0x00000000000030f8        0x0 ./src/Main.o
 .rela.text._read
                0x00000000000030f8        0x0 ./src/Main.o

.fini           0x00000000000030f8        0x0
 *(SORT_NONE(.fini))
                0x00000000000030f8                . = ALIGN (0x4)
                [!provide]                        PROVIDE (_etext = .)
                [!provide]                        PROVIDE (_eitcm = .)

.preinit_array  0x00000000000030f8        0x0
                [!provide]                        PROVIDE (__preinit_array_start = .)
 *(.preinit_array)
                [!provide]                        PROVIDE (__preinit_array_end = .)

.init_array     0x00000000000030f8        0x0
                [!provide]                        PROVIDE (__init_array_start = .)
 *(SORT_BY_INIT_PRIORITY(.init_array.*) SORT_BY_INIT_PRIORITY(.ctors.*))
 *(.init_array EXCLUDE_FILE(*crtend?.o *crtend.o *crtbegin?.o *crtbegin.o) .ctors)
                [!provide]                        PROVIDE (__init_array_end = .)

.fini_array     0x00000000000030f8        0x0
                [!provide]                        PROVIDE (__fini_array_start = .)
 *(SORT_BY_INIT_PRIORITY(.fini_array.*) SORT_BY_INIT_PRIORITY(.dtors.*))
 *(.fini_array EXCLUDE_FILE(*crtend?.o *crtend.o *crtbegin?.o *crtbegin.o) .dtors)
                [!provide]                        PROVIDE (__fini_array_end = .)

.ctors
 *crtbegin.o(.ctors)
 *crtbegin?.o(.ctors)
 *(EXCLUDE_FILE(*crtend?.o *crtend.o) .ctors)
 *(SORT_BY_NAME(.ctors.*))
 *(.ctors)

.dtors
 *crtbegin.o(.dtors)
 *crtbegin?.o(.dtors)
 *(EXCLUDE_FILE(*crtend?.o *crtend.o) .dtors)
 *(SORT_BY_NAME(.dtors.*))
 *(.dtors)

.dalign         0x0000000020000c30        0x0 load address 0x00000000000030f8
                0x0000000020000c30                . = (ORIGIN (RAM) + SIZEOF (.highcode))

.dlalign        0x00000000000030f8        0x0
                0x00000000000030f8                . = ALIGN (0x4)
                0x00000000000030f8                PROVIDE (_data_lma = .)

.data           0x0000000020000c30       0x68 load address 0x00000000000030f8
                0x0000000020000c30                . = ALIGN (0x4)
                0x0000000020000c30                PROVIDE (_data_vma = .)
 *(.gnu.linkonce.r.*)
 *(.data .data.*)
 .data.impure_data
                0x0000000020000c30       0x60 c:/mounriver/mounriver_studio2/resources/app/resources/win32/components/wch/toolchain/risc-v embedded gcc/bin/../lib/gcc/riscv-none-embed/8.2.0/../../../../riscv-none-embed/lib/rv32imac/ilp32\libg_nano.a(lib_a-impure.o)
 *(.gnu.linkonce.d.*)
                0x0000000020000c90                . = ALIGN (0x8)
 *fill*         0x0000000020000c90        0x0 
                0x0000000020001490                PROVIDE (__global_pointer$ = (. + 0x800))
 *(.sdata .sdata.*)
 .sdata.curbrk.3969
                0x0000000020000c90        0x4 ./StdPeriphDriver/CH59x_sys.o
 .sdata._impure_ptr
                0x0000000020000c94        0x4 c:/mounriver/mounriver_studio2/resources/app/resources/win32/components/wch/toolchain/risc-v embedded gcc/bin/../lib/gcc/riscv-none-embed/8.2.0/../../../../riscv-none-embed/lib/rv32imac/ilp32\libg_nano.a(lib_a-impure.o)
                0x0000000020000c94                _impure_ptr
 *(.gnu.linkonce.s.*)
                0x0000000020000c98                . = ALIGN (0x8)
 *(.srodata.cst16)
 *(.srodata.cst8)
 *(.srodata.cst4)
 *(.srodata.cst2)
 *(.srodata .srodata.*)
                0x0000000020000c98                . = ALIGN (0x4)
                0x0000000020000c98                PROVIDE (_edata = .)

.bss            0x0000000020000c98      0x4f8 load address 0x0000000000003160
                0x0000000020000c98                . = ALIGN (0x4)
                0x0000000020000c98                PROVIDE (_sbss = .)
 *(.sbss*)
 .sbss.i2c_error
                0x0000000020000c98        0x1 ./Code/my_interface.o
 .sbss.i2c_in_repstart
                0x0000000020000c99        0x1 ./Code/my_interface.o
 .sbss.i2c_master_buffer_index
                0x0000000020000c9a        0x1 ./Code/my_interface.o
 .sbss.i2c_master_buffer_length
                0x0000000020000c9b        0x1 ./Code/my_interface.o
 .sbss.i2c_send_stop
                0x0000000020000c9c        0x1 ./Code/my_interface.o
 .sbss.i2c_slave_addr_rw
                0x0000000020000c9d        0x1 ./Code/my_interface.o
 .sbss.i2c_slave_rxbuffer_index
                0x0000000020000c9e        0x1 ./Code/my_interface.o
 .sbss.i2c_slave_txbuffer_index
                0x0000000020000c9f        0x1 ./Code/my_interface.o
 .sbss.i2c_slave_txbuffer_length
                0x0000000020000ca0        0x1 ./Code/my_interface.o
 .sbss.i2c_state
                0x0000000020000ca1        0x1 ./Code/my_interface.o
 .sbss.is_nack_sent
                0x0000000020000ca2        0x1 ./Code/my_interface.o
 *fill*         0x0000000020000ca3        0x1 
 .sbss.slave_cb
                0x0000000020000ca4        0x4 ./Code/my_interface.o
 .sbss.trigB    0x0000000020000ca8        0x1 ./Code/my_interface.o
                0x0000000020000ca8                trigB
 *fill*         0x0000000020000ca9        0x3 
 .sbss.qmc5883_mag
                0x0000000020000cac        0x6 ./Code/my_module.o
                0x0000000020000cac                qmc5883_mag
 *fill*         0x0000000020000cb2        0x2 
 .sbss.temp_qmc5883
                0x0000000020000cb4        0x6 ./Code/my_module.o
                0x0000000020000cb4                temp_qmc5883
 *fill*         0x0000000020000cba        0x2 
 .sbss.temp_read
                0x0000000020000cbc        0x1 ./Code/my_module.o
                0x0000000020000cbc                temp_read
 *fill*         0x0000000020000cbd        0x3 
 .sbss.__malloc_free_list
                0x0000000020000cc0        0x4 c:/mounriver/mounriver_studio2/resources/app/resources/win32/components/wch/toolchain/risc-v embedded gcc/bin/../lib/gcc/riscv-none-embed/8.2.0/../../../../riscv-none-embed/lib/rv32imac/ilp32\libg_nano.a(lib_a-nano-mallocr.o)
                0x0000000020000cc0                __malloc_free_list
 .sbss.__malloc_sbrk_start
                0x0000000020000cc4        0x4 c:/mounriver/mounriver_studio2/resources/app/resources/win32/components/wch/toolchain/risc-v embedded gcc/bin/../lib/gcc/riscv-none-embed/8.2.0/../../../../riscv-none-embed/lib/rv32imac/ilp32\libg_nano.a(lib_a-nano-mallocr.o)
                0x0000000020000cc4                __malloc_sbrk_start
 *(.gnu.linkonce.sb.*)
 *(.bss*)
 .bss.RxBuff    0x0000000020000cc8       0x64 ./Code/my_interface.o
                0x0000000020000cc8                RxBuff
 .bss.i2c_master_buffer
                0x0000000020000d2c       0x20 ./Code/my_interface.o
 .bss.i2c_slave_rxbuffer
                0x0000000020000d4c       0x20 ./Code/my_interface.o
 .bss.i2c_slave_txbuffer
                0x0000000020000d6c       0x20 ./Code/my_interface.o
 .bss.result.4356
                0x0000000020000d8c      0x400 ./Code/my_tool.o
 *(.gnu.linkonce.b.*)
 *(COMMON*)
 COMMON         0x000000002000118c        0x4 c:/mounriver/mounriver_studio2/resources/app/resources/win32/components/wch/toolchain/risc-v embedded gcc/bin/../lib/gcc/riscv-none-embed/8.2.0/../../../../riscv-none-embed/lib/rv32imac/ilp32\libg_nano.a(lib_a-reent.o)
                0x000000002000118c                errno
                0x0000000020001190                . = ALIGN (0x4)
                0x0000000020001190                PROVIDE (_ebss = .)
                0x0000000020001190                PROVIDE (_end = _ebss)
                [!provide]                        PROVIDE (end = .)

.stack          0x0000000020006600      0x200
                0x0000000020006600                PROVIDE (_heap_end = .)
                0x0000000020006600                . = ALIGN (0x4)
                [!provide]                        PROVIDE (_susrstack = .)
                0x0000000020006800                . = (. + __stack_size)
 *fill*         0x0000000020006600      0x200 
                0x0000000020006800                PROVIDE (_eusrstack = .)
OUTPUT(UART1.elf elf32-littleriscv)

.debug_info     0x0000000000000000     0x9e91
 .debug_info    0x0000000000000000      0xc5c ./src/Main.o
 .debug_info    0x0000000000000c5c      0xe32 ./StdPeriphDriver/CH59x_gpio.o
 .debug_info    0x0000000000001a8e     0x138e ./StdPeriphDriver/CH59x_i2c.o
 .debug_info    0x0000000000002e1c     0x189d ./StdPeriphDriver/CH59x_sys.o
 .debug_info    0x00000000000046b9      0xe0a ./StdPeriphDriver/CH59x_uart1.o
 .debug_info    0x00000000000054c3       0x22 ./Startup/startup_CH592.o
 .debug_info    0x00000000000054e5      0xe2c ./Code/code.o
 .debug_info    0x0000000000006311     0x1b3f ./Code/my_interface.o
 .debug_info    0x0000000000007e50      0xfb6 ./Code/my_module.o
 .debug_info    0x0000000000008e06     0x108b ./Code/my_tool.o

.debug_abbrev   0x0000000000000000     0x1ba9
 .debug_abbrev  0x0000000000000000      0x1fd ./src/Main.o
 .debug_abbrev  0x00000000000001fd      0x268 ./StdPeriphDriver/CH59x_gpio.o
 .debug_abbrev  0x0000000000000465      0x3c2 ./StdPeriphDriver/CH59x_i2c.o
 .debug_abbrev  0x0000000000000827      0x453 ./StdPeriphDriver/CH59x_sys.o
 .debug_abbrev  0x0000000000000c7a      0x2aa ./StdPeriphDriver/CH59x_uart1.o
 .debug_abbrev  0x0000000000000f24       0x12 ./Startup/startup_CH592.o
 .debug_abbrev  0x0000000000000f36      0x2e8 ./Code/code.o
 .debug_abbrev  0x000000000000121e      0x3b1 ./Code/my_interface.o
 .debug_abbrev  0x00000000000015cf      0x2d7 ./Code/my_module.o
 .debug_abbrev  0x00000000000018a6      0x303 ./Code/my_tool.o

.debug_aranges  0x0000000000000000      0x368
 .debug_aranges
                0x0000000000000000       0x20 ./src/Main.o
 .debug_aranges
                0x0000000000000020       0x48 ./StdPeriphDriver/CH59x_gpio.o
 .debug_aranges
                0x0000000000000068       0xe8 ./StdPeriphDriver/CH59x_i2c.o
 .debug_aranges
                0x0000000000000150       0x90 ./StdPeriphDriver/CH59x_sys.o
 .debug_aranges
                0x00000000000001e0       0x50 ./StdPeriphDriver/CH59x_uart1.o
 .debug_aranges
                0x0000000000000230       0x30 ./Startup/startup_CH592.o
 .debug_aranges
                0x0000000000000260       0x40 ./Code/code.o
 .debug_aranges
                0x00000000000002a0       0x50 ./Code/my_interface.o
 .debug_aranges
                0x00000000000002f0       0x48 ./Code/my_module.o
 .debug_aranges
                0x0000000000000338       0x30 ./Code/my_tool.o

.debug_ranges   0x0000000000000000      0x450
 .debug_ranges  0x0000000000000000       0x10 ./src/Main.o
 .debug_ranges  0x0000000000000010       0x38 ./StdPeriphDriver/CH59x_gpio.o
 .debug_ranges  0x0000000000000048      0x120 ./StdPeriphDriver/CH59x_i2c.o
 .debug_ranges  0x0000000000000168       0xf8 ./StdPeriphDriver/CH59x_sys.o
 .debug_ranges  0x0000000000000260       0x40 ./StdPeriphDriver/CH59x_uart1.o
 .debug_ranges  0x00000000000002a0       0x28 ./Startup/startup_CH592.o
 .debug_ranges  0x00000000000002c8       0x30 ./Code/code.o
 .debug_ranges  0x00000000000002f8       0x70 ./Code/my_interface.o
 .debug_ranges  0x0000000000000368       0x50 ./Code/my_module.o
 .debug_ranges  0x00000000000003b8       0x98 ./Code/my_tool.o

.debug_line     0x0000000000000000     0x5952
 .debug_line    0x0000000000000000      0x33d ./src/Main.o
 .debug_line    0x000000000000033d      0x836 ./StdPeriphDriver/CH59x_gpio.o
 .debug_line    0x0000000000000b73     0x1024 ./StdPeriphDriver/CH59x_i2c.o
 .debug_line    0x0000000000001b97     0x127d ./StdPeriphDriver/CH59x_sys.o
 .debug_line    0x0000000000002e14      0x679 ./StdPeriphDriver/CH59x_uart1.o
 .debug_line    0x000000000000348d      0x183 ./Startup/startup_CH592.o
 .debug_line    0x0000000000003610      0x40b ./Code/code.o
 .debug_line    0x0000000000003a1b     0x1247 ./Code/my_interface.o
 .debug_line    0x0000000000004c62      0x675 ./Code/my_module.o
 .debug_line    0x00000000000052d7      0x67b ./Code/my_tool.o

.debug_str      0x0000000000000000     0x18e3
 .debug_str     0x0000000000000000      0x7b4 ./src/Main.o
                                        0x83b (size before relaxing)
 .debug_str     0x00000000000007b4      0x1c5 ./StdPeriphDriver/CH59x_gpio.o
                                        0x9e2 (size before relaxing)
 .debug_str     0x0000000000000979      0x46b ./StdPeriphDriver/CH59x_i2c.o
                                        0xce3 (size before relaxing)
 .debug_str     0x0000000000000de4      0x37f ./StdPeriphDriver/CH59x_sys.o
                                        0xc0b (size before relaxing)
 .debug_str     0x0000000000001163      0x123 ./StdPeriphDriver/CH59x_uart1.o
                                        0x987 (size before relaxing)
 .debug_str     0x0000000000001286       0x5f ./Startup/startup_CH592.o
                                         0xa1 (size before relaxing)
 .debug_str     0x00000000000012e5       0xdb ./Code/code.o
                                        0x9a3 (size before relaxing)
 .debug_str     0x00000000000013c0      0x3bf ./Code/my_interface.o
                                        0xf65 (size before relaxing)
 .debug_str     0x000000000000177f       0xb8 ./Code/my_module.o
                                        0x934 (size before relaxing)
 .debug_str     0x0000000000001837       0xac ./Code/my_tool.o
                                        0x956 (size before relaxing)

.comment        0x0000000000000000       0x33
 .comment       0x0000000000000000       0x33 ./src/Main.o
                                         0x34 (size before relaxing)
 .comment       0x0000000000000033       0x34 ./StdPeriphDriver/CH59x_gpio.o
 .comment       0x0000000000000033       0x34 ./StdPeriphDriver/CH59x_i2c.o
 .comment       0x0000000000000033       0x34 ./StdPeriphDriver/CH59x_sys.o
 .comment       0x0000000000000033       0x34 ./StdPeriphDriver/CH59x_uart1.o
 .comment       0x0000000000000033       0x34 ./Code/code.o
 .comment       0x0000000000000033       0x34 ./Code/my_interface.o
 .comment       0x0000000000000033       0x34 ./Code/my_module.o
 .comment       0x0000000000000033       0x34 ./Code/my_tool.o
 .comment       0x0000000000000033       0x34 c:/Users/Administrator/Documents/MyCode/0324/my_ch582m/SRC/StdPeriphDriver\libISP592.a(ISP583.o)

.debug_frame    0x0000000000000000     0x1280
 .debug_frame   0x0000000000000000       0x28 ./src/Main.o
 .debug_frame   0x0000000000000028       0x70 ./StdPeriphDriver/CH59x_gpio.o
 .debug_frame   0x0000000000000098      0x1fc ./StdPeriphDriver/CH59x_i2c.o
 .debug_frame   0x0000000000000294      0x14c ./StdPeriphDriver/CH59x_sys.o
 .debug_frame   0x00000000000003e0       0x9c ./StdPeriphDriver/CH59x_uart1.o
 .debug_frame   0x000000000000047c       0x84 ./Code/code.o
 .debug_frame   0x0000000000000500      0x114 ./Code/my_interface.o
 .debug_frame   0x0000000000000614       0xb4 ./Code/my_module.o
 .debug_frame   0x00000000000006c8       0xa0 ./Code/my_tool.o
 .debug_frame   0x0000000000000768       0x38 c:/mounriver/mounriver_studio2/resources/app/resources/win32/components/wch/toolchain/risc-v embedded gcc/bin/../lib/gcc/riscv-none-embed/8.2.0/rv32imac/ilp32\libgcc.a(extendsfdf2.o)
 .debug_frame   0x00000000000007a0       0x20 c:/mounriver/mounriver_studio2/resources/app/resources/win32/components/wch/toolchain/risc-v embedded gcc/bin/../lib/gcc/riscv-none-embed/8.2.0/rv32imac/ilp32\libgcc.a(_clzsi2.o)
 .debug_frame   0x00000000000007c0       0x20 c:/mounriver/mounriver_studio2/resources/app/resources/win32/components/wch/toolchain/risc-v embedded gcc/bin/../lib/gcc/riscv-none-embed/8.2.0/../../../../riscv-none-embed/lib/rv32imac/ilp32\libg_nano.a(lib_a-memcpy.o)
 .debug_frame   0x00000000000007e0       0x54 c:/mounriver/mounriver_studio2/resources/app/resources/win32/components/wch/toolchain/risc-v embedded gcc/bin/../lib/gcc/riscv-none-embed/8.2.0/../../../../riscv-none-embed/lib/rv32imac/ilp32\libg_nano.a(lib_a-printf.o)
 .debug_frame   0x0000000000000834       0x60 c:/mounriver/mounriver_studio2/resources/app/resources/win32/components/wch/toolchain/risc-v embedded gcc/bin/../lib/gcc/riscv-none-embed/8.2.0/../../../../riscv-none-embed/lib/rv32imac/ilp32\libg_nano.a(lib_a-snprintf.o)
 .debug_frame   0x0000000000000894       0x20 c:/mounriver/mounriver_studio2/resources/app/resources/win32/components/wch/toolchain/risc-v embedded gcc/bin/../lib/gcc/riscv-none-embed/8.2.0/../../../../riscv-none-embed/lib/rv32imac/ilp32\libg_nano.a(lib_a-strcat.o)
 .debug_frame   0x00000000000008b4      0x148 c:/mounriver/mounriver_studio2/resources/app/resources/win32/components/wch/toolchain/risc-v embedded gcc/bin/../lib/gcc/riscv-none-embed/8.2.0/../../../../riscv-none-embed/lib/rv32imac/ilp32\libg_nano.a(lib_a-findfp.o)
 .debug_frame   0x00000000000009fc       0x88 c:/mounriver/mounriver_studio2/resources/app/resources/win32/components/wch/toolchain/risc-v embedded gcc/bin/../lib/gcc/riscv-none-embed/8.2.0/../../../../riscv-none-embed/lib/rv32imac/ilp32\libg_nano.a(lib_a-fwalk.o)
 .debug_frame   0x0000000000000a84       0x40 c:/mounriver/mounriver_studio2/resources/app/resources/win32/components/wch/toolchain/risc-v embedded gcc/bin/../lib/gcc/riscv-none-embed/8.2.0/../../../../riscv-none-embed/lib/rv32imac/ilp32\libg_nano.a(lib_a-nano-mallocr.o)
 .debug_frame   0x0000000000000ac4       0xe0 c:/mounriver/mounriver_studio2/resources/app/resources/win32/components/wch/toolchain/risc-v embedded gcc/bin/../lib/gcc/riscv-none-embed/8.2.0/../../../../riscv-none-embed/lib/rv32imac/ilp32\libg_nano.a(lib_a-nano-svfprintf.o)
 .debug_frame   0x0000000000000ba4       0xd0 c:/mounriver/mounriver_studio2/resources/app/resources/win32/components/wch/toolchain/risc-v embedded gcc/bin/../lib/gcc/riscv-none-embed/8.2.0/../../../../riscv-none-embed/lib/rv32imac/ilp32\libg_nano.a(lib_a-nano-vfprintf.o)
 .debug_frame   0x0000000000000c74       0x8c c:/mounriver/mounriver_studio2/resources/app/resources/win32/components/wch/toolchain/risc-v embedded gcc/bin/../lib/gcc/riscv-none-embed/8.2.0/../../../../riscv-none-embed/lib/rv32imac/ilp32\libg_nano.a(lib_a-nano-vfprintf_i.o)
 .debug_frame   0x0000000000000d00       0x30 c:/mounriver/mounriver_studio2/resources/app/resources/win32/components/wch/toolchain/risc-v embedded gcc/bin/../lib/gcc/riscv-none-embed/8.2.0/../../../../riscv-none-embed/lib/rv32imac/ilp32\libg_nano.a(lib_a-sbrkr.o)
 .debug_frame   0x0000000000000d30       0xa4 c:/mounriver/mounriver_studio2/resources/app/resources/win32/components/wch/toolchain/risc-v embedded gcc/bin/../lib/gcc/riscv-none-embed/8.2.0/../../../../riscv-none-embed/lib/rv32imac/ilp32\libg_nano.a(lib_a-stdio.o)
 .debug_frame   0x0000000000000dd4       0x50 c:/mounriver/mounriver_studio2/resources/app/resources/win32/components/wch/toolchain/risc-v embedded gcc/bin/../lib/gcc/riscv-none-embed/8.2.0/../../../../riscv-none-embed/lib/rv32imac/ilp32\libg_nano.a(lib_a-wbuf.o)
 .debug_frame   0x0000000000000e24       0x30 c:/mounriver/mounriver_studio2/resources/app/resources/win32/components/wch/toolchain/risc-v embedded gcc/bin/../lib/gcc/riscv-none-embed/8.2.0/../../../../riscv-none-embed/lib/rv32imac/ilp32\libg_nano.a(lib_a-writer.o)
 .debug_frame   0x0000000000000e54       0x3c c:/mounriver/mounriver_studio2/resources/app/resources/win32/components/wch/toolchain/risc-v embedded gcc/bin/../lib/gcc/riscv-none-embed/8.2.0/../../../../riscv-none-embed/lib/rv32imac/ilp32\libg_nano.a(lib_a-wsetup.o)
 .debug_frame   0x0000000000000e90       0x30 c:/mounriver/mounriver_studio2/resources/app/resources/win32/components/wch/toolchain/risc-v embedded gcc/bin/../lib/gcc/riscv-none-embed/8.2.0/../../../../riscv-none-embed/lib/rv32imac/ilp32\libg_nano.a(lib_a-closer.o)
 .debug_frame   0x0000000000000ec0       0x7c c:/mounriver/mounriver_studio2/resources/app/resources/win32/components/wch/toolchain/risc-v embedded gcc/bin/../lib/gcc/riscv-none-embed/8.2.0/../../../../riscv-none-embed/lib/rv32imac/ilp32\libg_nano.a(lib_a-fflush.o)
 .debug_frame   0x0000000000000f3c       0x30 c:/mounriver/mounriver_studio2/resources/app/resources/win32/components/wch/toolchain/risc-v embedded gcc/bin/../lib/gcc/riscv-none-embed/8.2.0/../../../../riscv-none-embed/lib/rv32imac/ilp32\libg_nano.a(lib_a-lseekr.o)
 .debug_frame   0x0000000000000f6c       0x64 c:/mounriver/mounriver_studio2/resources/app/resources/win32/components/wch/toolchain/risc-v embedded gcc/bin/../lib/gcc/riscv-none-embed/8.2.0/../../../../riscv-none-embed/lib/rv32imac/ilp32\libg_nano.a(lib_a-makebuf.o)
 .debug_frame   0x0000000000000fd0       0x20 c:/mounriver/mounriver_studio2/resources/app/resources/win32/components/wch/toolchain/risc-v embedded gcc/bin/../lib/gcc/riscv-none-embed/8.2.0/../../../../riscv-none-embed/lib/rv32imac/ilp32\libg_nano.a(lib_a-memchr.o)
 .debug_frame   0x0000000000000ff0       0x20 c:/mounriver/mounriver_studio2/resources/app/resources/win32/components/wch/toolchain/risc-v embedded gcc/bin/../lib/gcc/riscv-none-embed/8.2.0/../../../../riscv-none-embed/lib/rv32imac/ilp32\libg_nano.a(lib_a-memmove.o)
 .debug_frame   0x0000000000001010       0x30 c:/mounriver/mounriver_studio2/resources/app/resources/win32/components/wch/toolchain/risc-v embedded gcc/bin/../lib/gcc/riscv-none-embed/8.2.0/../../../../riscv-none-embed/lib/rv32imac/ilp32\libg_nano.a(lib_a-mlock.o)
 .debug_frame   0x0000000000001040       0x40 c:/mounriver/mounriver_studio2/resources/app/resources/win32/components/wch/toolchain/risc-v embedded gcc/bin/../lib/gcc/riscv-none-embed/8.2.0/../../../../riscv-none-embed/lib/rv32imac/ilp32\libg_nano.a(lib_a-nano-freer.o)
 .debug_frame   0x0000000000001080       0x40 c:/mounriver/mounriver_studio2/resources/app/resources/win32/components/wch/toolchain/risc-v embedded gcc/bin/../lib/gcc/riscv-none-embed/8.2.0/../../../../riscv-none-embed/lib/rv32imac/ilp32\libg_nano.a(lib_a-nano-reallocr.o)
 .debug_frame   0x00000000000010c0       0x30 c:/mounriver/mounriver_studio2/resources/app/resources/win32/components/wch/toolchain/risc-v embedded gcc/bin/../lib/gcc/riscv-none-embed/8.2.0/../../../../riscv-none-embed/lib/rv32imac/ilp32\libg_nano.a(lib_a-readr.o)
 .debug_frame   0x00000000000010f0       0x70 c:/mounriver/mounriver_studio2/resources/app/resources/win32/components/wch/toolchain/risc-v embedded gcc/bin/../lib/gcc/riscv-none-embed/8.2.0/../../../../riscv-none-embed/lib/rv32imac/ilp32\libg_nano.a(lib_a-reent.o)
 .debug_frame   0x0000000000001160       0x30 c:/mounriver/mounriver_studio2/resources/app/resources/win32/components/wch/toolchain/risc-v embedded gcc/bin/../lib/gcc/riscv-none-embed/8.2.0/../../../../riscv-none-embed/lib/rv32imac/ilp32\libg_nano.a(lib_a-fstatr.o)
 .debug_frame   0x0000000000001190       0x30 c:/mounriver/mounriver_studio2/resources/app/resources/win32/components/wch/toolchain/risc-v embedded gcc/bin/../lib/gcc/riscv-none-embed/8.2.0/../../../../riscv-none-embed/lib/rv32imac/ilp32\libg_nano.a(lib_a-isattyr.o)
 .debug_frame   0x00000000000011c0       0x20 c:/mounriver/mounriver_studio2/resources/app/resources/win32/components/wch/toolchain/risc-v embedded gcc/bin/../lib/gcc/riscv-none-embed/8.2.0/../../../../riscv-none-embed/lib/rv32imac/ilp32\libg_nano.a(lib_a-nano-msizer.o)
 .debug_frame   0x00000000000011e0       0x20 c:/mounriver/mounriver_studio2/resources/app/resources/win32/components/wch/toolchain/risc-v embedded gcc/bin/../lib/gcc/riscv-none-embed/8.2.0/../../../../riscv-none-embed/lib/rv32imac/ilp32\libnosys.a(close.o)
 .debug_frame   0x0000000000001200       0x20 c:/mounriver/mounriver_studio2/resources/app/resources/win32/components/wch/toolchain/risc-v embedded gcc/bin/../lib/gcc/riscv-none-embed/8.2.0/../../../../riscv-none-embed/lib/rv32imac/ilp32\libnosys.a(fstat.o)
 .debug_frame   0x0000000000001220       0x20 c:/mounriver/mounriver_studio2/resources/app/resources/win32/components/wch/toolchain/risc-v embedded gcc/bin/../lib/gcc/riscv-none-embed/8.2.0/../../../../riscv-none-embed/lib/rv32imac/ilp32\libnosys.a(isatty.o)
 .debug_frame   0x0000000000001240       0x20 c:/mounriver/mounriver_studio2/resources/app/resources/win32/components/wch/toolchain/risc-v embedded gcc/bin/../lib/gcc/riscv-none-embed/8.2.0/../../../../riscv-none-embed/lib/rv32imac/ilp32\libnosys.a(lseek.o)
 .debug_frame   0x0000000000001260       0x20 c:/mounriver/mounriver_studio2/resources/app/resources/win32/components/wch/toolchain/risc-v embedded gcc/bin/../lib/gcc/riscv-none-embed/8.2.0/../../../../riscv-none-embed/lib/rv32imac/ilp32\libnosys.a(read.o)

.debug_loc      0x0000000000000000     0x1502
 .debug_loc     0x0000000000000000      0x361 ./StdPeriphDriver/CH59x_gpio.o
 .debug_loc     0x0000000000000361      0x5b8 ./StdPeriphDriver/CH59x_i2c.o
 .debug_loc     0x0000000000000919      0x40c ./StdPeriphDriver/CH59x_sys.o
 .debug_loc     0x0000000000000d25      0x1ed ./StdPeriphDriver/CH59x_uart1.o
 .debug_loc     0x0000000000000f12      0x388 ./Code/my_interface.o
 .debug_loc     0x000000000000129a       0xc1 ./Code/my_module.o
 .debug_loc     0x000000000000135b      0x1a7 ./Code/my_tool.o

.stab           0x0000000000000000       0x84
 .stab          0x0000000000000000       0x24 c:/mounriver/mounriver_studio2/resources/app/resources/win32/components/wch/toolchain/risc-v embedded gcc/bin/../lib/gcc/riscv-none-embed/8.2.0/../../../../riscv-none-embed/lib/rv32imac/ilp32\libnosys.a(close.o)
 .stab          0x0000000000000024       0x18 c:/mounriver/mounriver_studio2/resources/app/resources/win32/components/wch/toolchain/risc-v embedded gcc/bin/../lib/gcc/riscv-none-embed/8.2.0/../../../../riscv-none-embed/lib/rv32imac/ilp32\libnosys.a(fstat.o)
                                         0x24 (size before relaxing)
 .stab          0x000000000000003c       0x18 c:/mounriver/mounriver_studio2/resources/app/resources/win32/components/wch/toolchain/risc-v embedded gcc/bin/../lib/gcc/riscv-none-embed/8.2.0/../../../../riscv-none-embed/lib/rv32imac/ilp32\libnosys.a(isatty.o)
                                         0x24 (size before relaxing)
 .stab          0x0000000000000054       0x18 c:/mounriver/mounriver_studio2/resources/app/resources/win32/components/wch/toolchain/risc-v embedded gcc/bin/../lib/gcc/riscv-none-embed/8.2.0/../../../../riscv-none-embed/lib/rv32imac/ilp32\libnosys.a(lseek.o)
                                         0x24 (size before relaxing)
 .stab          0x000000000000006c       0x18 c:/mounriver/mounriver_studio2/resources/app/resources/win32/components/wch/toolchain/risc-v embedded gcc/bin/../lib/gcc/riscv-none-embed/8.2.0/../../../../riscv-none-embed/lib/rv32imac/ilp32\libnosys.a(read.o)
                                         0x24 (size before relaxing)

.stabstr        0x0000000000000000      0x117
 .stabstr       0x0000000000000000      0x117 c:/mounriver/mounriver_studio2/resources/app/resources/win32/components/wch/toolchain/risc-v embedded gcc/bin/../lib/gcc/riscv-none-embed/8.2.0/../../../../riscv-none-embed/lib/rv32imac/ilp32\libnosys.a(close.o)
