<html>
<body>
<pre>
<h1>µVision Build Log</h1>
<h2>Tool Versions:</h2>
IDE-Version: ¦ÌVision V5.21.1.0
Copyright (C) 2016 ARM Ltd and ARM Germany GmbH. All rights reserved.
License Information: a a, a, LIC=QF82M-XFF40-635MB-26RIU-XWRZT-PI23F
 
Tool Versions:
Toolchain:       MDK-ARM Plus  Version: 5.21a
Toolchain Path:  C:\Keil_v5\ARM\ARMCC\Bin
C Compiler:      Armcc.exe V5.06 update 3 (build 300)
Assembler:       Armasm.exe V5.06 update 3 (build 300)
Linker/Locator:  ArmLink.exe V5.06 update 3 (build 300)
Library Manager: ArmAr.exe V5.06 update 3 (build 300)
Hex Converter:   FromElf.exe V5.06 update 3 (build 300)
CPU DLL:         SARMCM3.DLL V5.21a
Dialog DLL:      DCM.DLL V1.13.8.0
Target DLL:      STLink\ST-LINKIII-KEIL_SWO.dll V2.0.18.0
Dialog DLL:      TCM.DLL V1.14.14.0
 
<h2>Project:</h2>
C:\ZAT\WorkSpace\STM32CubeMX\F103\lsm(1.0)\IDE\10 DOF IMU Sensor.uvprojx
Project File Date:  10/10/2024

<h2>Output:</h2>
*** Using Compiler 'V5.06 update 3 (build 300)', folder: 'C:\Keil_v5\ARM\ARMCC\Bin'
Build target '10 DOF IMU Sensor'
compiling main.c...
..\SRC\User\main.c(31): warning:  #1295-D: Deprecated declaration mag - give arg types
  void mag();
..\SRC\User\main.c(32): warning:  #1295-D: Deprecated declaration mag_init - give arg types
  void mag_init();
..\SRC\User\main.c(33): warning:  #1295-D: Deprecated declaration lsm - give arg types
  void lsm();
..\SRC\User\main.c(34): warning:  #1295-D: Deprecated declaration lsm_init - give arg types
  void lsm_init();
..\SRC\User\main.c(35): warning:  #1295-D: Deprecated declaration release_gravity - give arg types
  void release_gravity();
..\SRC\User\main.c(36): warning:  #1295-D: Deprecated declaration update_data - give arg types
  void update_data();
..\SRC\User\main.c(37): warning:  #1295-D: Deprecated declaration is_move - give arg types
  void is_move();
..\SRC\User\main.c(38): warning:  #1295-D: Deprecated declaration calc_error - give arg types
  void calc_error();
..\SRC\User\main.c(39): warning:  #1295-D: Deprecated declaration demo_data - give arg types
  void demo_data();
..\SRC\User\main.c(40): warning:  #1295-D: Deprecated declaration rotate_acceleration - give arg types
  void rotate_acceleration();
..\SRC\User\main.c(41): warning:  #1295-D: Deprecated declaration calc_velocity - give arg types
  void calc_velocity();
..\SRC\User\main.c(42): warning:  #1295-D: Deprecated declaration calc_sum_distance - give arg types
  void calc_sum_distance();
..\SRC\User\main.c(145): warning:  #550-D: variable "X" was set but never used
  	int i, BUF[6], X, Y, Z;
..\SRC\User\main.c(145): warning:  #550-D: variable "Y" was set but never used
  	int i, BUF[6], X, Y, Z;
..\SRC\User\main.c(145): warning:  #550-D: variable "Z" was set but never used
  	int i, BUF[6], X, Y, Z;
..\SRC\User\main.c: 15 warnings, 0 errors
linking...
Program Size: Code=26432 RO-data=1056 RW-data=404 ZI-data=1636  
"..\TEMP\10 DOF IMU Sensor.axf" - 0 Error(s), 15 Warning(s).

<h2>Software Packages used:</h2>

Package Vendor: ARM
                http://www.keil.com/pack/ARM.CMSIS.4.5.0.pack
                ARM::CMSIS:CORE:4.3.0
                CMSIS (Cortex Microcontroller Software Interface Standard)
   * Component: CORE Version: 4.3.0

<h2>Collection of Component include folders:</h2>
  C:\ZAT\WorkSpace\STM32CubeMX\F103\lsm(1.0)\IDE\RTE
  C:\Keil_v5\ARM\PACK\ARM\CMSIS\4.5.0\CMSIS\Include
  C:\Keil_v5\ARM\PACK\Keil\STM32F1xx_DFP\2.2.0\Device\Include

<h2>Collection of Component Files used:</h2>

   * Component: ARM::CMSIS:CORE:4.3.0
Build Time Elapsed:  00:00:01
</pre>
</body>
</html>
