<html>
<body>
<pre>
<h1>µVision Build Log</h1>
<h2>Tool Versions:</h2>
IDE-Version: ¦ÌVision V5.21.1.0
Copyright (C) 2016 ARM Ltd and ARM Germany GmbH. All rights reserved.
License Information: a Administrator, a, LIC=BUURY-IB3SM-2Z1W4-FYH6Q-Q06QJ-LRN6H
 
Tool Versions:
Toolchain:       MDK-ARM Plus  Version: 5.21a
Toolchain Path:  C:\Keil_v5\ARM\ARMCC\Bin
C Compiler:      Armcc.exe V5.06 update 3 (build 300)
Assembler:       Armasm.exe V5.06 update 3 (build 300)
Linker/Locator:  ArmLink.exe V5.06 update 3 (build 300)
Library Manager: ArmAr.exe V5.06 update 3 (build 300)
Hex Converter:   FromElf.exe V5.06 update 3 (build 300)
CPU DLL:         SARMCM3.DLL V5.21a
Dialog DLL:      DCM.DLL V1.13.8.0
Target DLL:      STLink\ST-LINKIII-KEIL_SWO.dll V2.0.18.0
Dialog DLL:      TCM.DLL V1.14.14.0
 
<h2>Project:</h2>
C:\Users\Administrator\Documents\STM32CubeMX\example\example_stm32f103\MDK-ARM\example_stm32f103.uvprojx
Project File Date:  01/10/2025

<h2>Output:</h2>
*** Using Compiler 'V5.06 update 3 (build 300)', folder: 'C:\Keil_v5\ARM\ARMCC\Bin'
Build target 'example_stm32f103'
assembling startup_stm32f103xb.s...
compiling main.c...
../Core/Code/config/config.h(7): warning:  #1-D: last line of file ends without a newline
  #endif // !__CONFIG_H
..\Core\Code\tool\tool.h(7): warning:  #1-D: last line of file ends without a newline
  #endif // !__TOOL_H
../Core/Src/main.c(123): warning:  #188-D: enumerated type mixed with another type
    
ED_PC13_on;
../Core/Src/main.c(124): warning:  #223-D: function "CODE_MAIN" declared implicitly
    CODE_MAIN();
../Core/Src/main.c(142): warning:  #111-D: statement is unreachable
    
OG(__FILE__, __LINE__);
../Core/Src/main.c(142): warning:  #223-D: function "printf" declared implicitly
    
OG(__FILE__, __LINE__);
../Core/Src/main.c: 6 warnings, 0 errors
compiling gpio.c...
compiling i2c.c...
compiling usart.c...
compiling stm32f1xx_it.c...
compiling stm32f1xx_hal_msp.c...
compiling stm32f1xx_hal_gpio_ex.c...
compiling stm32f1xx_hal.c...
compiling stm32f1xx_hal_i2c.c...
compiling stm32f1xx_hal_rcc_ex.c...
compiling stm32f1xx_hal_rcc.c...
compiling stm32f1xx_hal_gpio.c...
compiling stm32f1xx_hal_cortex.c...
compiling stm32f1xx_hal_dma.c...
compiling stm32f1xx_hal_pwr.c...
compiling stm32f1xx_hal_flash.c...
compiling stm32f1xx_hal_flash_ex.c...
compiling stm32f1xx_hal_exti.c...
compiling stm32f1xx_hal_tim.c...
compiling stm32f1xx_hal_tim_ex.c...
compiling stm32f1xx_hal_uart.c...
compiling system_stm32f1xx.c...
compiling code.c...
../Core/Code/config/config.h(7): warning:  #1-D: last line of file ends without a newline
  #endif // !__CONFIG_H
..\Core\Code\tool\tool.h(7): warning:  #1-D: last line of file ends without a newline
  #endif // !__TOOL_H
..\Core\Code\main\code.c(2): warning:  #1295-D: Deprecated declaration CODE_MAIN - give arg types
  void CODE_MAIN();
..\Core\Code\main\code.c(3): warning:  #1295-D: Deprecated declaration CODE_WHILE - give arg types
  void CODE_WHILE();
..\Core\Code\main\code.c(16): warning:  #188-D: enumerated type mixed with another type
          
ED_PC13_read == 
ED_PC13_on_status ? 
ED_PC13_off : LED_PC13_on;
..\Core\Code\main\code.c(16): warning:  #188-D: enumerated type mixed with another type
          
ED_PC13_read == 
ED_PC13_on_status ? 
ED_PC13_off : 
ED_PC13_on;
..\Core\Code\main\code.c(17): warning:  #188-D: enumerated type mixed with another type
          
ED_PA0_read == 
ED_PA0_on_status ? 
ED_PA0_off : LED_PA0_on;
..\Core\Code\main\code.c(17): warning:  #188-D: enumerated type mixed with another type
          
ED_PA0_read == 
ED_PA0_on_status ? 
ED_PA0_off : 
ED_PA0_on;
..\Core\Code\main\code.c(18): warning:  #188-D: enumerated type mixed with another type
          
ED_PB13_read == 
ED_PB13_on_status ? 
ED_PB13_off : LED_PB13_on;
..\Core\Code\main\code.c(18): warning:  #188-D: enumerated type mixed with another type
          
ED_PB13_read == 
ED_PB13_on_status ? 
ED_PB13_off : 
ED_PB13_on;
..\Core\Code\main\code.c: 10 warnings, 0 errors
linking...
Program Size: Code=4220 RO-data=292 RW-data=16 ZI-data=1416  
FromELF: creating hex file...
"example_stm32f103\example_stm32f103.axf" - 0 Error(s), 16 Warning(s).

<h2>Software Packages used:</h2>

Package Vendor: ARM
                http://www.keil.com/pack/ARM.CMSIS.4.5.0.pack
                ARM::CMSIS:CORE:4.3.0
                CMSIS (Cortex Microcontroller Software Interface Standard)
   * Component: CORE Version: 4.3.0

<h2>Collection of Component include folders:</h2>
  C:\Users\Administrator\Documents\STM32CubeMX\example\example_stm32f103\MDK-ARM\RTE
  C:\Keil_v5\ARM\PACK\ARM\CMSIS\4.5.0\CMSIS\Include
  C:\Keil_v5\ARM\PACK\Keil\STM32F1xx_DFP\2.2.0\Device\Include

<h2>Collection of Component Files used:</h2>

   * Component: ARM::CMSIS:CORE:4.3.0
Build Time Elapsed:  00:00:07
</pre>
</body>
</html>
