<html>
<body>
<pre>
<h1>µVision Build Log</h1>
<h2>Tool Versions:</h2>
IDE-Version: ¦ÌVision V5.21.1.0
Copyright (C) 2016 ARM Ltd and ARM Germany GmbH. All rights reserved.
License Information: a a, a, LIC=QF82M-XFF40-635MB-26RIU-XWRZT-PI23F
 
Tool Versions:
Toolchain:       MDK-ARM Plus  Version: 5.21a
Toolchain Path:  C:\Keil_v5\ARM\ARMCC\Bin
C Compiler:      Armcc.exe V5.06 update 3 (build 300)
Assembler:       Armasm.exe V5.06 update 3 (build 300)
Linker/Locator:  ArmLink.exe V5.06 update 3 (build 300)
Library Manager: ArmAr.exe V5.06 update 3 (build 300)
Hex Converter:   FromElf.exe V5.06 update 3 (build 300)
CPU DLL:         SARMCM3.DLL V5.21a
Dialog DLL:      DCM.DLL V1.13.8.0
Target DLL:      STLink\ST-LINKIII-KEIL_SWO.dll V2.0.18.0
Dialog DLL:      TCM.DLL V1.14.14.0
 
<h2>Project:</h2>
C:\ZAT\WorkSpace\STM32CubeMX\F103\LSM6DS3+STM32F1_¿âº¯Êý\IDE\10 DOF IMU Sensor.uvprojx
Project File Date:  10/10/2024

<h2>Output:</h2>
*** Using Compiler 'V5.06 update 3 (build 300)', folder: 'C:\Keil_v5\ARM\ARMCC\Bin'
Build target '10 DOF IMU Sensor'
compiling main.c...
..\SRC\User\main.c(18): warning:  #1295-D: Deprecated declaration mag - give arg types
  void mag();
..\SRC\User\main.c(19): warning:  #1295-D: Deprecated declaration mag_init - give arg types
  void mag_init();
..\SRC\User\main.c(20): warning:  #1295-D: Deprecated declaration lsm - give arg types
  void lsm();
..\SRC\User\main.c(21): warning:  #1295-D: Deprecated declaration lsm_init - give arg types
  void lsm_init();
..\SRC\User\main.c(22): warning:  #1295-D: Deprecated declaration release_gravity - give arg types
  void release_gravity();
..\SRC\User\main.c(23): warning:  #1295-D: Deprecated declaration is_move - give arg types
  void is_move();
..\SRC\User\main.c(27): warning:  #177-D: variable "i" was declared but never referenced
  	int i = 0;
..\SRC\User\main.c(115): warning:  #550-D: variable "X" was set but never used
  	int i, BUF[6], X, Y, Z;
..\SRC\User\main.c(115): warning:  #550-D: variable "Y" was set but never used
  	int i, BUF[6], X, Y, Z;
..\SRC\User\main.c(115): warning:  #550-D: variable "Z" was set but never used
  	int i, BUF[6], X, Y, Z;
..\SRC\User\main.c(176): warning:  #223-D: function "abs" declared implicitly
  	if ((abs((abs(an[1][0]) - abs(an[0][0]))) > 100) ||
..\SRC\User\main.c(197): warning:  #1293-D: assignment in condition
  		else if(timeout_count = 2 * timeout_standard)
..\SRC\User\main.c: 12 warnings, 0 errors
linking...
Program Size: Code=22424 RO-data=768 RW-data=332 ZI-data=1436  
FromELF: creating hex file...
"..\TEMP\10 DOF IMU Sensor.axf" - 0 Error(s), 12 Warning(s).

<h2>Software Packages used:</h2>

Package Vendor: ARM
                http://www.keil.com/pack/ARM.CMSIS.4.5.0.pack
                ARM::CMSIS:CORE:4.3.0
                CMSIS (Cortex Microcontroller Software Interface Standard)
   * Component: CORE Version: 4.3.0

<h2>Collection of Component include folders:</h2>
  C:\ZAT\WorkSpace\STM32CubeMX\F103\LSM6DS3+STM32F1_¿âº¯Êý\IDE\RTE
  C:\Keil_v5\ARM\PACK\ARM\CMSIS\4.5.0\CMSIS\Include
  C:\Keil_v5\ARM\PACK\Keil\STM32F1xx_DFP\2.2.0\Device\Include

<h2>Collection of Component Files used:</h2>

   * Component: ARM::CMSIS:CORE:4.3.0
Build Time Elapsed:  00:00:00
</pre>
</body>
</html>
